Archive member included to satisfy reference by file (symbol)

C:/ST/STM32CubeIDE_1.19.0/STM32CubeIDE/plugins/com.st.stm32cube.ide.mcu.externaltools.gnu-tools-for-stm32.13.3.rel1.win32_1.0.100.202509120712/tools/bin/../lib/gcc/arm-none-eabi/13.3.1/../../../../arm-none-eabi/lib/thumb/v7-m/nofp\libc_nano.a(libc_a-exit.o)
                              C:/ST/STM32CubeIDE_1.19.0/STM32CubeIDE/plugins/com.st.stm32cube.ide.mcu.externaltools.gnu-tools-for-stm32.13.3.rel1.win32_1.0.100.202509120712/tools/bin/../lib/gcc/arm-none-eabi/13.3.1/../../../../arm-none-eabi/lib/thumb/v7-m/nofp/crt0.o (exit)
C:/ST/STM32CubeIDE_1.19.0/STM32CubeIDE/plugins/com.st.stm32cube.ide.mcu.externaltools.gnu-tools-for-stm32.13.3.rel1.win32_1.0.100.202509120712/tools/bin/../lib/gcc/arm-none-eabi/13.3.1/../../../../arm-none-eabi/lib/thumb/v7-m/nofp\libc_nano.a(libc_a-findfp.o)
                              C:/ST/STM32CubeIDE_1.19.0/STM32CubeIDE/plugins/com.st.stm32cube.ide.mcu.externaltools.gnu-tools-for-stm32.13.3.rel1.win32_1.0.100.202509120712/tools/bin/../lib/gcc/arm-none-eabi/13.3.1/../../../../arm-none-eabi/lib/thumb/v7-m/nofp\libc_nano.a(libc_a-exit.o) (__stdio_exit_handler)
C:/ST/STM32CubeIDE_1.19.0/STM32CubeIDE/plugins/com.st.stm32cube.ide.mcu.externaltools.gnu-tools-for-stm32.13.3.rel1.win32_1.0.100.202509120712/tools/bin/../lib/gcc/arm-none-eabi/13.3.1/../../../../arm-none-eabi/lib/thumb/v7-m/nofp\libc_nano.a(libc_a-fwalk.o)
                              C:/ST/STM32CubeIDE_1.19.0/STM32CubeIDE/plugins/com.st.stm32cube.ide.mcu.externaltools.gnu-tools-for-stm32.13.3.rel1.win32_1.0.100.202509120712/tools/bin/../lib/gcc/arm-none-eabi/13.3.1/../../../../arm-none-eabi/lib/thumb/v7-m/nofp\libc_nano.a(libc_a-findfp.o) (_fwalk_sglue)
C:/ST/STM32CubeIDE_1.19.0/STM32CubeIDE/plugins/com.st.stm32cube.ide.mcu.externaltools.gnu-tools-for-stm32.13.3.rel1.win32_1.0.100.202509120712/tools/bin/../lib/gcc/arm-none-eabi/13.3.1/../../../../arm-none-eabi/lib/thumb/v7-m/nofp\libc_nano.a(libc_a-printf.o)
                              ./Core/Src/main.o (printf)
C:/ST/STM32CubeIDE_1.19.0/STM32CubeIDE/plugins/com.st.stm32cube.ide.mcu.externaltools.gnu-tools-for-stm32.13.3.rel1.win32_1.0.100.202509120712/tools/bin/../lib/gcc/arm-none-eabi/13.3.1/../../../../arm-none-eabi/lib/thumb/v7-m/nofp\libc_nano.a(libc_a-puts.o)
                              ./Core/Src/main.o (puts)
C:/ST/STM32CubeIDE_1.19.0/STM32CubeIDE/plugins/com.st.stm32cube.ide.mcu.externaltools.gnu-tools-for-stm32.13.3.rel1.win32_1.0.100.202509120712/tools/bin/../lib/gcc/arm-none-eabi/13.3.1/../../../../arm-none-eabi/lib/thumb/v7-m/nofp\libc_nano.a(libc_a-stdio.o)
                              C:/ST/STM32CubeIDE_1.19.0/STM32CubeIDE/plugins/com.st.stm32cube.ide.mcu.externaltools.gnu-tools-for-stm32.13.3.rel1.win32_1.0.100.202509120712/tools/bin/../lib/gcc/arm-none-eabi/13.3.1/../../../../arm-none-eabi/lib/thumb/v7-m/nofp\libc_nano.a(libc_a-findfp.o) (__sread)
C:/ST/STM32CubeIDE_1.19.0/STM32CubeIDE/plugins/com.st.stm32cube.ide.mcu.externaltools.gnu-tools-for-stm32.13.3.rel1.win32_1.0.100.202509120712/tools/bin/../lib/gcc/arm-none-eabi/13.3.1/../../../../arm-none-eabi/lib/thumb/v7-m/nofp\libc_nano.a(libc_a-wbuf.o)
                              C:/ST/STM32CubeIDE_1.19.0/STM32CubeIDE/plugins/com.st.stm32cube.ide.mcu.externaltools.gnu-tools-for-stm32.13.3.rel1.win32_1.0.100.202509120712/tools/bin/../lib/gcc/arm-none-eabi/13.3.1/../../../../arm-none-eabi/lib/thumb/v7-m/nofp\libc_nano.a(libc_a-puts.o) (__swbuf_r)
C:/ST/STM32CubeIDE_1.19.0/STM32CubeIDE/plugins/com.st.stm32cube.ide.mcu.externaltools.gnu-tools-for-stm32.13.3.rel1.win32_1.0.100.202509120712/tools/bin/../lib/gcc/arm-none-eabi/13.3.1/../../../../arm-none-eabi/lib/thumb/v7-m/nofp\libc_nano.a(libc_a-wsetup.o)
                              C:/ST/STM32CubeIDE_1.19.0/STM32CubeIDE/plugins/com.st.stm32cube.ide.mcu.externaltools.gnu-tools-for-stm32.13.3.rel1.win32_1.0.100.202509120712/tools/bin/../lib/gcc/arm-none-eabi/13.3.1/../../../../arm-none-eabi/lib/thumb/v7-m/nofp\libc_nano.a(libc_a-puts.o) (__swsetup_r)
C:/ST/STM32CubeIDE_1.19.0/STM32CubeIDE/plugins/com.st.stm32cube.ide.mcu.externaltools.gnu-tools-for-stm32.13.3.rel1.win32_1.0.100.202509120712/tools/bin/../lib/gcc/arm-none-eabi/13.3.1/../../../../arm-none-eabi/lib/thumb/v7-m/nofp\libc_nano.a(libc_a-memset.o)
                              C:/ST/STM32CubeIDE_1.19.0/STM32CubeIDE/plugins/com.st.stm32cube.ide.mcu.externaltools.gnu-tools-for-stm32.13.3.rel1.win32_1.0.100.202509120712/tools/bin/../lib/gcc/arm-none-eabi/13.3.1/../../../../arm-none-eabi/lib/thumb/v7-m/nofp/crt0.o (memset)
C:/ST/STM32CubeIDE_1.19.0/STM32CubeIDE/plugins/com.st.stm32cube.ide.mcu.externaltools.gnu-tools-for-stm32.13.3.rel1.win32_1.0.100.202509120712/tools/bin/../lib/gcc/arm-none-eabi/13.3.1/../../../../arm-none-eabi/lib/thumb/v7-m/nofp\libc_nano.a(libc_a-closer.o)
[...]
Memory Configuration

Name             Origin             Length             Attributes
RAM              0x20000000         0x00005000         xrw
FLASH            0x08000000         0x00010000         xr
*default*        0x00000000         0xffffffff

Linker script and memory map

LOAD C:/ST/STM32CubeIDE_1.19.0/STM32CubeIDE/plugins/com.st.stm32cube.ide.mcu.externaltools.gnu-tools-for-stm32.13.3.rel1.win32_1.0.100.202509120712/tools/bin/../lib/gcc/arm-none-eabi/13.3.1/thumb/v7-m/nofp/crti.o
LOAD C:/ST/STM32CubeIDE_1.19.0/STM32CubeIDE/plugins/com.st.stm32cube.ide.mcu.externaltools.gnu-tools-for-stm32.13.3.rel1.win32_1.0.100.202509120712/tools/bin/../lib/gcc/arm-none-eabi/13.3.1/thumb/v7-m/nofp/crtbegin.o
LOAD C:/ST/STM32CubeIDE_1.19.0/STM32CubeIDE/plugins/com.st.stm32cube.ide.mcu.externaltools.gnu-tools-for-stm32.13.3.rel1.win32_1.0.100.202509120712/tools/bin/../lib/gcc/arm-none-eabi/13.3.1/../../../../arm-none-eabi/lib/thumb/v7-m/nofp/crt0.o
LOAD ./Core/Src/bmi2.o
LOAD ./Core/Src/bmi270.o
LOAD ./Core/Src/bmi2_port.o
LOAD ./Core/Src/main.o
LOAD ./Core/Src/stm32f1xx_hal_msp.o
LOAD ./Core/Src/stm32f1xx_it.o
LOAD ./Core/Src/syscalls.o
LOAD ./Core/Src/sysmem.o
LOAD ./Core/Src/system_stm32f1xx.o
LOAD ./Core/Startup/startup_stm32f103c8tx.o
LOAD ./Drivers/STM32F1xx_HAL_Driver/Src/stm32f1xx_hal.o
LOAD ./Drivers/STM32F1xx_HAL_Driver/Src/stm32f1xx_hal_cortex.o
LOAD ./Drivers/STM32F1xx_HAL_Driver/Src/stm32f1xx_hal_dma.o
LOAD ./Drivers/STM32F1xx_HAL_Driver/Src/stm32f1xx_hal_exti.o
LOAD ./Drivers/STM32F1xx_HAL_Driver/Src/stm32f1xx_hal_flash.o
LOAD ./Drivers/STM32F1xx_HAL_Driver/Src/stm32f1xx_hal_flash_ex.o
LOAD ./Drivers/STM32F1xx_HAL_Driver/Src/stm32f1xx_hal_gpio.o
LOAD ./Drivers/STM32F1xx_HAL_Driver/Src/stm32f1xx_hal_gpio_ex.o
LOAD ./Drivers/STM32F1xx_HAL_Driver/Src/stm32f1xx_hal_i2c.o
LOAD ./Drivers/STM32F1xx_HAL_Driver/Src/stm32f1xx_hal_pwr.o
LOAD ./Drivers/STM32F1xx_HAL_Driver/Src/stm32f1xx_hal_rcc.o
LOAD ./Drivers/STM32F1xx_HAL_Driver/Src/stm32f1xx_hal_rcc_ex.o
START GROUP
LOAD C:/ST/STM32CubeIDE_1.19.0/STM32CubeIDE/plugins/com.st.stm32cube.ide.mcu.externaltools.gnu-tools-for-stm32.13.3.rel1.win32_1.0.100.202509120712/tools/bin/../lib/gcc/arm-none-eabi/13.3.1/../../../../arm-none-eabi/lib/thumb/v7-m/nofp\libc_nano.a
LOAD C:/ST/STM32CubeIDE_1.19.0/STM32CubeIDE/plugins/com.st.stm32cube.ide.mcu.externaltools.gnu-tools-for-stm32.13.3.rel1.win32_1.0.100.202509120712/tools/bin/../lib/gcc/arm-none-eabi/13.3.1/../../../../arm-none-eabi/lib/thumb/v7-m/nofp\libm.a
END GROUP
START GROUP
LOAD C:/ST/STM32CubeIDE_1.19.0/STM32CubeIDE/plugins/com.st.stm32cube.ide.mcu.externaltools.gnu-tools-for-stm32.13.3.rel1.win32_1.0.100.202509120712/tools/bin/../lib/gcc/arm-none-eabi/13.3.1/thumb/v7-m/nofp\libgcc.a
LOAD C:/ST/STM32CubeIDE_1.19.0/STM32CubeIDE/plugins/com.st.stm32cube.ide.mcu.externaltools.gnu-tools-for-stm32.13.3.rel1.win32_1.0.100.202509120712/tools/bin/../lib/gcc/arm-none-eabi/13.3.1/../../../../arm-none-eabi/lib/thumb/v7-m/nofp\libc_nano.a
END GROUP
START GROUP
LOAD C:/ST/STM32CubeIDE_1.19.0/STM32CubeIDE/plugins/com.st.stm32cube.ide.mcu.externaltools.gnu-tools-for-stm32.13.3.rel1.win32_1.0.100.202509120712/tools/bin/../lib/gcc/arm-none-eabi/13.3.1/thumb/v7-m/nofp\libgcc.a
LOAD C:/ST/STM32CubeIDE_1.19.0/STM32CubeIDE/plugins/com.st.stm32cube.ide.mcu.externaltools.gnu-tools-for-stm32.13.3.rel1.win32_1.0.100.202509120712/tools/bin/../lib/gcc/arm-none-eabi/13.3.1/../../../../arm-none-eabi/lib/thumb/v7-m/nofp\libc_nano.a
LOAD C:/ST/STM32CubeIDE_1.19.0/STM32CubeIDE/plugins/com.st.stm32cube.ide.mcu.externaltools.gnu-tools-for-stm32.13.3.rel1.win32_1.0.100.202509120712/tools/bin/../lib/gcc/arm-none-eabi/13.3.1/../../../../arm-none-eabi/lib/thumb/v7-m/nofp\libnosys.a
END GROUP
START GROUP
LOAD C:/ST/STM32CubeIDE_1.19.0/STM32CubeIDE/plugins/com.st.stm32cube.ide.mcu.externaltools.gnu-tools-for-stm32.13.3.rel1.win32_1.0.100.202509120712/tools/bin/../lib/gcc/arm-none-eabi/13.3.1/thumb/v7-m/nofp\libgcc.a
LOAD C:/ST/STM32CubeIDE_1.19.0/STM32CubeIDE/plugins/com.st.stm32cube.ide.mcu.externaltools.gnu-tools-for-stm32.13.3.rel1.win32_1.0.100.202509120712/tools/bin/../lib/gcc/arm-none-eabi/13.3.1/../../../../arm-none-eabi/lib/thumb/v7-m/nofp\libc_nano.a
LOAD C:/ST/STM32CubeIDE_1.19.0/STM32CubeIDE/plugins/com.st.stm32cube.ide.mcu.externaltools.gnu-tools-for-stm32.13.3.rel1.win32_1.0.100.202509120712/tools/bin/../lib/gcc/arm-none-eabi/13.3.1/../../../../arm-none-eabi/lib/thumb/v7-m/nofp\libnosys.a
END GROUP
LOAD C:/ST/STM32CubeIDE_1.19.0/STM32CubeIDE/plugins/com.st.stm32cube.ide.mcu.externaltools.gnu-tools-for-stm32.13.3.rel1.win32_1.0.100.202509120712/tools/bin/../lib/gcc/arm-none-eabi/13.3.1/thumb/v7-m/nofp/crtend.o
LOAD C:/ST/STM32CubeIDE_1.19.0/STM32CubeIDE/plugins/com.st.stm32cube.ide.mcu.externaltools.gnu-tools-for-stm32.13.3.rel1.win32_1.0.100.202509120712/tools/bin/../lib/gcc/arm-none-eabi/13.3.1/thumb/v7-m/nofp/crtn.o
                0x20005000                        _estack = (ORIGIN (RAM) + LENGTH (RAM))
                0x00000400                        _Min_Heap_Size = 0x400
                0x00001000                        _Min_Stack_Size = 0x1000

.isr_vector     0x08000000      0x10c
                0x08000000                        . = ALIGN (0x4)
 *(.isr_vector)
 .isr_vector    0x08000000      0x10c ./Core/Startup/startup_stm32f103c8tx.o
                0x08000000                g_pfnVectors
                0x0800010c                        . = ALIGN (0x4)

.text           0x0800010c     0x7dac
                0x0800010c                        . = ALIGN (0x4)
 *(.text)
 .text          0x0800010c       0x40 C:/ST/STM32CubeIDE_1.19.0/STM32CubeIDE/plugins/com.st.stm32cube.ide.mcu.externaltools.gnu-tools-for-stm32.13.3.rel1.win32_1.0.100.202509120712/tools/bin/../lib/gcc/arm-none-eabi/13.3.1/thumb/v7-m/nofp/crtbegin.o
 *(.text*)
 .text.bmi2_sec_init
                0x0800014c       0xc4 ./Core/Src/bmi2.o
                0x0800014c                bmi2_sec_init
 .text.bmi2_get_regs
                0x08000210       0xe6 ./Core/Src/bmi2.o
                0x08000210                bmi2_get_regs
 .text.bmi2_set_regs
                0x080002f6      0x106 ./Core/Src/bmi2.o
                0x080002f6                bmi2_set_regs
 .text.bmi2_soft_reset
                0x080003fc       0xa2 ./Core/Src/bmi2.o
                0x080003fc                bmi2_soft_reset
 .text.bmi2_set_adv_power_save
                0x0800049e       0x98 ./Core/Src/bmi2.o
                0x0800049e                bmi2_set_adv_power_save
 .text.bmi2_write_config_file
                0x08000536       0xaa ./Core/Src/bmi2.o
                0x08000536                bmi2_write_config_file
 .text.bmi2_set_sensor_config
                0x080005e0      0x158 ./Core/Src/bmi2.o
                0x080005e0                bmi2_set_sensor_config
 .text.bmi2_get_sensor_config
                0x08000738      0x180 ./Core/Src/bmi2.o
                0x08000738                bmi2_get_sensor_config
 .text.bmi2_get_feature_data
                0x080008b8      0x10e ./Core/Src/bmi2.o
                0x080008b8                bmi2_get_feature_data
 .text.bmi2_get_sensor_data
                0x080009c6       0x54 ./Core/Src/bmi2.o
                0x080009c6                bmi2_get_sensor_data
 .text.bmi2_parse_sensor_data
                0x08000a1a       0xf0 ./Core/Src/bmi2.o
                0x08000a1a                bmi2_parse_sensor_data
 .text.bmi2_get_status
                0x08000b0a       0x44 ./Core/Src/bmi2.o
                0x08000b0a                bmi2_get_status
 .text.bmi2_get_gyro_cross_sense
                0x08000b4e       0x6c ./Core/Src/bmi2.o
                0x08000b4e                bmi2_get_gyro_cross_sense
 .text.bmi2_get_internal_status
                0x08000bba       0x54 ./Core/Src/bmi2.o
                0x08000bba                bmi2_get_internal_status
 .text.bmi2_get_feat_config
                0x08000c0e      0x124 ./Core/Src/bmi2.o
                0x08000c0e                bmi2_get_feat_config
 .text.bmi2_extract_input_feat_config
                0x08000d32       0x68 ./Core/Src/bmi2.o
                0x08000d32                bmi2_extract_input_feat_config
 .text.write_config_file
                0x08000d9a      0x162 ./Core/Src/bmi2.o
 .text.set_config_load
                0x08000efc       0x64 ./Core/Src/bmi2.o
 .text.upload_file
                0x08000f60       0x76 ./Core/Src/bmi2.o
 .text.validate_bw_perf_mode
                0x08000fd6       0x5a ./Core/Src/bmi2.o
 .text.validate_odr_range
                0x08001030       0x40 ./Core/Src/bmi2.o
 .text.validate_gyro_config
                0x08001070       0xa8 ./Core/Src/bmi2.o
 .text.cfg_error_status
                0x08001118       0x74 ./Core/Src/bmi2.o
 .text.set_aux_config
                0x0800118c       0x5e ./Core/Src/bmi2.o
 .text.set_gyro_user_gain_config
                0x080011ea      0x1b6 ./Core/Src/bmi2.o
 .text.set_aux_interface
                0x080013a0       0x64 ./Core/Src/bmi2.o
 .text.config_aux_interface
                0x08001404      0x18c ./Core/Src/bmi2.o
 .text.config_aux
                0x08001590       0x8c ./Core/Src/bmi2.o
 .text.validate_aux_config
                0x0800161c       0x28 ./Core/Src/bmi2.o
 .text.get_accel_config
                0x08001644       0x84 ./Core/Src/bmi2.o
 .text.get_gyro_config
                0x080016c8       0xa4 ./Core/Src/bmi2.o
 .text.get_aux_config
                0x0800176c       0x6c ./Core/Src/bmi2.o
 .text.get_gyro_gain_update_config
                0x080017d8      0x13e ./Core/Src/bmi2.o
 .text.get_aux_interface
                0x08001916       0x40 ./Core/Src/bmi2.o
 .text.get_aux_interface_config
                0x08001956       0x90 ./Core/Src/bmi2.o
 .text.get_aux_cfg
                0x080019e6       0x46 ./Core/Src/bmi2.o
 .text.get_acc_gyr_data
                0x08001a2c       0xc6 ./Core/Src/bmi2.o
 .text.get_remapped_data
                0x08001af2      0x124 ./Core/Src/bmi2.o
 .text.saturate
                0x08001c16       0x3e ./Core/Src/bmi2.o
 .text.comp_gyro_cross_axis_sensitivity
                0x08001c54       0x52 ./Core/Src/bmi2.o
 .text.check_boundary_val
                0x08001ca6       0x6c ./Core/Src/bmi2.o
 .text.set_accel_config
                0x08001d12       0xee ./Core/Src/bmi2.o
 .text.set_gyro_config
                0x08001e00      0x10c ./Core/Src/bmi2.o
 .text.null_ptr_check
                0x08001f0c       0x3c ./Core/Src/bmi2.o
 .text.get_gyro_gain_update_status
                0x08001f48       0xcc ./Core/Src/bmi2.o
 .text.extract_output_feat_config
                0x08002014       0x68 ./Core/Src/bmi2.o
 .text.get_gyro_cross_sense
                0x0800207c      0x10c ./Core/Src/bmi2.o
 .text.bmi270_init
                0x08002188       0xbc ./Core/Src/bmi270.o
                0x08002188                bmi270_init
 .text.bmi270_sensor_enable
                0x08002244       0x6c ./Core/Src/bmi270.o
                0x08002244                bmi270_sensor_enable
 .text.bmi270_set_sensor_config
                0x080022b0      0x108 ./Core/Src/bmi270.o
                0x080022b0                bmi270_set_sensor_config
 .text.bmi270_get_sensor_config
                0x080023b8      0x12c ./Core/Src/bmi270.o
                0x080023b8                bmi270_get_sensor_config
 .text.null_ptr_check
                0x080024e4       0x3c ./Core/Src/bmi270.o
 .text.select_sensor
                0x08002520      0x250 ./Core/Src/bmi270.o
 .text.sensor_enable
                0x08002770       0x8e ./Core/Src/bmi270.o
 .text.set_any_motion
                0x080027fe       0xe8 ./Core/Src/bmi270.o
 .text.set_no_motion
                0x080028e6       0xe8 ./Core/Src/bmi270.o
 .text.set_step_detector
                0x080029ce       0xee ./Core/Src/bmi270.o
 .text.set_step_counter
                0x08002abc       0xee ./Core/Src/bmi270.o
 .text.set_sig_motion
                0x08002baa       0xea ./Core/Src/bmi270.o
 .text.set_step_activity
                0x08002c94       0xee ./Core/Src/bmi270.o
 .text.set_gyro_self_offset_corr
                0x08002d82       0xec ./Core/Src/bmi270.o
 .text.set_wrist_gesture
                0x08002e6e       0xec ./Core/Src/bmi270.o
 .text.set_wrist_wear_wake_up
                0x08002f5a       0xec ./Core/Src/bmi270.o
 .text.set_gyro_user_gain
                0x08003046       0xee ./Core/Src/bmi270.o
 .text.set_any_motion_config
                0x08003134      0x212 ./Core/Src/bmi270.o
 .text.set_no_motion_config
                0x08003346      0x212 ./Core/Src/bmi270.o
 .text.set_sig_motion_config
                0x08003558      0x10c ./Core/Src/bmi270.o
 .text.set_step_count_params_config
                0x08003664      0x1b0 ./Core/Src/bmi270.o
 .text.set_step_config
                0x08003814      0x16a ./Core/Src/bmi270.o
 .text.set_wrist_gest_config
                0x0800397e      0x184 ./Core/Src/bmi270.o
 .text.set_wrist_wear_wake_up_config
                0x08003b02      0x19c ./Core/Src/bmi270.o
 .text.get_any_motion_config
                0x08003c9e      0x122 ./Core/Src/bmi270.o
 .text.get_no_motion_config
                0x08003dc0      0x12a ./Core/Src/bmi270.o
 .text.get_sig_motion_config
                0x08003eea       0xbc ./Core/Src/bmi270.o
 .text.get_step_count_params_config
                0x08003fa6      0x170 ./Core/Src/bmi270.o
 .text.get_step_config
                0x08004116       0xd2 ./Core/Src/bmi270.o
 .text.get_wrist_gest_config
                0x080041e8       0xf0 ./Core/Src/bmi270.o
 .text.get_wrist_wear_wake_up_config
                0x080042d8      0x124 ./Core/Src/bmi270.o
 .text.set_feat_config
                0x080043fc      0x170 ./Core/Src/bmi270.o
 .text.get_feat_config
                0x0800456c      0x170 ./Core/Src/bmi270.o
 .text.enable_main_sensors
                0x080046dc       0xea ./Core/Src/bmi270.o
 .text.enable_sensor_features
                0x080047c6      0x18a ./Core/Src/bmi270.o
 .text.bmi2_i2c_read
                0x08004950       0x48 ./Core/Src/bmi2_port.o
                0x08004950                bmi2_i2c_read
 .text.bmi2_i2c_write
                0x08004998       0x70 ./Core/Src/bmi2_port.o
                0x08004998                bmi2_i2c_write
 .text.bmi2_delay_us
                0x08004a08       0x38 ./Core/Src/bmi2_port.o
                0x08004a08                bmi2_delay_us
 .text.main     0x08004a40      0x1f4 ./Core/Src/main.o
                0x08004a40                main
 .text.SystemClock_Config
                0x08004c34       0x8a ./Core/Src/main.o
                0x08004c34                SystemClock_Config
 *fill*         0x08004cbe        0x2 
 .text.MX_I2C1_Init
                0x08004cc0       0x5c ./Core/Src/main.o
 .text.MX_GPIO_Init
                0x08004d1c       0xac ./Core/Src/main.o
 .text.Error_Handler
                0x08004dc8        0xc ./Core/Src/main.o
                0x08004dc8                Error_Handler
 .text.HAL_MspInit
                0x08004dd4       0x64 ./Core/Src/stm32f1xx_hal_msp.o
                0x08004dd4                HAL_MspInit
 .text.HAL_I2C_MspInit
                0x08004e38       0x7c ./Core/Src/stm32f1xx_hal_msp.o
                0x08004e38                HAL_I2C_MspInit
 .text.NMI_Handler
                0x08004eb4        0x8 ./Core/Src/stm32f1xx_it.o
                0x08004eb4                NMI_Handler
 .text.HardFault_Handler
                0x08004ebc        0x8 ./Core/Src/stm32f1xx_it.o
                0x08004ebc                HardFault_Handler
 .text.MemManage_Handler
                0x08004ec4        0x8 ./Core/Src/stm32f1xx_it.o
                0x08004ec4                MemManage_Handler
 .text.BusFault_Handler
                0x08004ecc        0x8 ./Core/Src/stm32f1xx_it.o
                0x08004ecc                BusFault_Handler
 .text.UsageFault_Handler
                0x08004ed4        0x8 ./Core/Src/stm32f1xx_it.o
                0x08004ed4                UsageFault_Handler
 .text.SVC_Handler
                0x08004edc        0xc ./Core/Src/stm32f1xx_it.o
                0x08004edc                SVC_Handler
 .text.DebugMon_Handler
                0x08004ee8        0xc ./Core/Src/stm32f1xx_it.o
                0x08004ee8                DebugMon_Handler
 .text.PendSV_Handler
                0x08004ef4        0xc ./Core/Src/stm32f1xx_it.o
                0x08004ef4                PendSV_Handler
 .text.SysTick_Handler
                0x08004f00        0xc ./Core/Src/stm32f1xx_it.o
                0x08004f00                SysTick_Handler
 .text._read    0x08004f0c       0x3a ./Core/Src/syscalls.o
                0x08004f0c                _read
 .text._write   0x08004f46       0x38 ./Core/Src/syscalls.o
                0x08004f46                _write
 .text._close   0x08004f7e       0x16 ./Core/Src/syscalls.o
                0x08004f7e                _close
 .text._fstat   0x08004f94       0x1e ./Core/Src/syscalls.o
                0x08004f94                _fstat
 .text._isatty  0x08004fb2       0x14 ./Core/Src/syscalls.o
                0x08004fb2                _isatty
 .text._lseek   0x08004fc6       0x18 ./Core/Src/syscalls.o
                0x08004fc6                _lseek
 *fill*         0x08004fde        0x2 
 .text._sbrk    0x08004fe0       0x6c ./Core/Src/sysmem.o
                0x08004fe0                _sbrk
 .text.SystemInit
                0x0800504c        0xc ./Core/Src/system_stm32f1xx.o
                0x0800504c                SystemInit
 .text.Reset_Handler
                0x08005058       0x48 ./Core/Startup/startup_stm32f103c8tx.o
                0x08005058                Reset_Handler
 .text.Default_Handler
                0x080050a0        0x2 ./Core/Startup/startup_stm32f103c8tx.o
                0x080050a0                RTC_Alarm_IRQHandler
                0x080050a0                EXTI2_IRQHandler
                0x080050a0                TIM1_CC_IRQHandler
                0x080050a0                PVD_IRQHandler
                0x080050a0                EXTI3_IRQHandler
                0x080050a0                EXTI0_IRQHandler
                0x080050a0                I2C2_EV_IRQHandler
                0x080050a0                ADC1_2_IRQHandler
                0x080050a0                SPI1_IRQHandler
                0x080050a0                TAMPER_IRQHandler
                0x080050a0                DMA1_Channel4_IRQHandler
                0x080050a0                USART3_IRQHandler
                0x080050a0                RTC_IRQHandler
                0x080050a0                DMA1_Channel7_IRQHandler
                0x080050a0                CAN1_RX1_IRQHandler
                0x080050a0                TIM4_IRQHandler
                0x080050a0                I2C1_EV_IRQHandler
                0x080050a0                DMA1_Channel6_IRQHandler
                0x080050a0                TIM3_IRQHandler
                0x080050a0                RCC_IRQHandler
                0x080050a0                TIM1_TRG_COM_IRQHandler
                0x080050a0                DMA1_Channel1_IRQHandler
                0x080050a0                Default_Handler
                0x080050a0                EXTI15_10_IRQHandler
                0x080050a0                EXTI9_5_IRQHandler
                0x080050a0                SPI2_IRQHandler
                0x080050a0                DMA1_Channel5_IRQHandler
                0x080050a0                EXTI4_IRQHandler
                0x080050a0                USB_LP_CAN1_RX0_IRQHandler
                0x080050a0                USB_HP_CAN1_TX_IRQHandler
                0x080050a0                DMA1_Channel3_IRQHandler
                0x080050a0                TIM1_UP_IRQHandler
                0x080050a0                WWDG_IRQHandler
                0x080050a0                TIM2_IRQHandler
                0x080050a0                TIM1_BRK_IRQHandler
                0x080050a0                EXTI1_IRQHandler
                0x080050a0                USART2_IRQHandler
                0x080050a0                I2C2_ER_IRQHandler
                0x080050a0                DMA1_Channel2_IRQHandler
                0x080050a0                CAN1_SCE_IRQHandler
                0x080050a0                FLASH_IRQHandler
                0x080050a0                USART1_IRQHandler
                0x080050a0                I2C1_ER_IRQHandler
                0x080050a0                USBWakeUp_IRQHandler
 *fill*         0x080050a2        0x2 
 .text.HAL_Init
                0x080050a4       0x2c ./Drivers/STM32F1xx_HAL_Driver/Src/stm32f1xx_hal.o
                0x080050a4                HAL_Init
 .text.HAL_InitTick
                0x080050d0       0x60 ./Drivers/STM32F1xx_HAL_Driver/Src/stm32f1xx_hal.o
                0x080050d0                HAL_InitTick
 .text.HAL_IncTick
                0x08005130       0x24 ./Drivers/STM32F1xx_HAL_Driver/Src/stm32f1xx_hal.o
                0x08005130                HAL_IncTick
 .text.HAL_GetTick
                0x08005154       0x14 ./Drivers/STM32F1xx_HAL_Driver/Src/stm32f1xx_hal.o
                0x08005154                HAL_GetTick
 .text.HAL_Delay
                0x08005168       0x48 ./Drivers/STM32F1xx_HAL_Driver/Src/stm32f1xx_hal.o
                0x08005168                HAL_Delay
 .text.__NVIC_SetPriorityGrouping
                0x080051b0       0x48 ./Drivers/STM32F1xx_HAL_Driver/Src/stm32f1xx_hal_cortex.o
 .text.__NVIC_GetPriorityGrouping
                0x080051f8       0x1c ./Drivers/STM32F1xx_HAL_Driver/Src/stm32f1xx_hal_cortex.o
 .text.__NVIC_SetPriority
                0x08005214       0x54 ./Drivers/STM32F1xx_HAL_Driver/Src/stm32f1xx_hal_cortex.o
 .text.NVIC_EncodePriority
                0x08005268       0x64 ./Drivers/STM32F1xx_HAL_Driver/Src/stm32f1xx_hal_cortex.o
 .text.SysTick_Config
                0x080052cc       0x44 ./Drivers/STM32F1xx_HAL_Driver/Src/stm32f1xx_hal_cortex.o
 .text.HAL_NVIC_SetPriorityGrouping
                0x08005310       0x16 ./Drivers/STM32F1xx_HAL_Driver/Src/stm32f1xx_hal_cortex.o
                0x08005310                HAL_NVIC_SetPriorityGrouping
 .text.HAL_NVIC_SetPriority
                0x08005326       0x38 ./Drivers/STM32F1xx_HAL_Driver/Src/stm32f1xx_hal_cortex.o
                0x08005326                HAL_NVIC_SetPriority
 .text.HAL_SYSTICK_Config
                0x0800535e       0x18 ./Drivers/STM32F1xx_HAL_Driver/Src/stm32f1xx_hal_cortex.o
                0x0800535e                HAL_SYSTICK_Config
 *fill*         0x08005376        0x2 
 .text.HAL_GPIO_Init
                0x08005378      0x308 ./Drivers/STM32F1xx_HAL_Driver/Src/stm32f1xx_hal_gpio.o
                0x08005378                HAL_GPIO_Init
 .text.HAL_GPIO_WritePin
                0x08005680       0x30 ./Drivers/STM32F1xx_HAL_Driver/Src/stm32f1xx_hal_gpio.o
                0x08005680                HAL_GPIO_WritePin
 .text.HAL_I2C_Init
                0x080056b0      0x288 ./Drivers/STM32F1xx_HAL_Driver/Src/stm32f1xx_hal_i2c.o
                0x080056b0                HAL_I2C_Init
 .text.HAL_I2C_Mem_Write
                0x08005938      0x1f4 ./Drivers/STM32F1xx_HAL_Driver/Src/stm32f1xx_hal_i2c.o
                0x08005938                HAL_I2C_Mem_Write
 .text.HAL_I2C_Mem_Read
                0x08005b2c      0x4e8 ./Drivers/STM32F1xx_HAL_Driver/Src/stm32f1xx_hal_i2c.o
                0x08005b2c                HAL_I2C_Mem_Read
 .text.I2C_RequestMemoryWrite
                0x08006014      0x12c ./Drivers/STM32F1xx_HAL_Driver/Src/stm32f1xx_hal_i2c.o
 .text.I2C_RequestMemoryRead
                0x08006140      0x1d0 ./Drivers/STM32F1xx_HAL_Driver/Src/stm32f1xx_hal_i2c.o
 .text.I2C_WaitOnFlagUntilTimeout
                0x08006310       0xf4 ./Drivers/STM32F1xx_HAL_Driver/Src/stm32f1xx_hal_i2c.o
 .text.I2C_WaitOnMasterAddressFlagUntilTimeout
                0x08006404      0x140 ./Drivers/STM32F1xx_HAL_Driver/Src/stm32f1xx_hal_i2c.o
 .text.I2C_WaitOnTXEFlagUntilTimeout
                0x08006544       0x90 ./Drivers/STM32F1xx_HAL_Driver/Src/stm32f1xx_hal_i2c.o
 .text.I2C_WaitOnBTFFlagUntilTimeout
                0x080065d4       0x90 ./Drivers/STM32F1xx_HAL_Driver/Src/stm32f1xx_hal_i2c.o
 .text.I2C_WaitOnRXNEFlagUntilTimeout
                0x08006664       0xba ./Drivers/STM32F1xx_HAL_Driver/Src/stm32f1xx_hal_i2c.o
 .text.I2C_IsAcknowledgeFailed
                0x0800671e       0x5c ./Drivers/STM32F1xx_HAL_Driver/Src/stm32f1xx_hal_i2c.o
 *fill*         0x0800677a        0x2 
 .text.HAL_RCC_OscConfig
                0x0800677c      0x504 ./Drivers/STM32F1xx_HAL_Driver/Src/stm32f1xx_hal_rcc.o
                0x0800677c                HAL_RCC_OscConfig
 .text.HAL_RCC_ClockConfig
                0x08006c80      0x1d4 ./Drivers/STM32F1xx_HAL_Driver/Src/stm32f1xx_hal_rcc.o
                0x08006c80                HAL_RCC_ClockConfig
 .text.HAL_RCC_GetSysClockFreq
                0x08006e54       0xa8 ./Drivers/STM32F1xx_HAL_Driver/Src/stm32f1xx_hal_rcc.o
                0x08006e54                HAL_RCC_GetSysClockFreq
 .text.HAL_RCC_GetHCLKFreq
                0x08006efc       0x14 ./Drivers/STM32F1xx_HAL_Driver/Src/stm32f1xx_hal_rcc.o
                0x08006efc                HAL_RCC_GetHCLKFreq
 .text.HAL_RCC_GetPCLK1Freq
                0x08006f10       0x28 ./Drivers/STM32F1xx_HAL_Driver/Src/stm32f1xx_hal_rcc.o
                0x08006f10                HAL_RCC_GetPCLK1Freq
 .text.RCC_Delay
                0x08006f38       0x3c ./Drivers/STM32F1xx_HAL_Driver/Src/stm32f1xx_hal_rcc.o
 .text.std      0x08006f74       0x6c C:/ST/STM32CubeIDE_1.19.0/STM32CubeIDE/plugins/com.st.stm32cube.ide.mcu.externaltools.gnu-tools-for-stm32.13.3.rel1.win32_1.0.100.202509120712/tools/bin/../lib/gcc/arm-none-eabi/13.3.1/../../../../arm-none-eabi/lib/thumb/v7-m/nofp\libc_nano.a(libc_a-findfp.o)
 .text.stdio_exit_handler
                0x08006fe0       0x18 C:/ST/STM32CubeIDE_1.19.0/STM32CubeIDE/plugins/com.st.stm32cube.ide.mcu.externaltools.gnu-tools-for-stm32.13.3.rel1.win32_1.0.100.202509120712/tools/bin/../lib/gcc/arm-none-eabi/13.3.1/../../../../arm-none-eabi/lib/thumb/v7-m/nofp\libc_nano.a(libc_a-findfp.o)
 .text.cleanup_stdio
                0x08006ff8       0x40 C:/ST/STM32CubeIDE_1.19.0/STM32CubeIDE/plugins/com.st.stm32cube.ide.mcu.externaltools.gnu-tools-for-stm32.13.3.rel1.win32_1.0.100.202509120712/tools/bin/../lib/gcc/arm-none-eabi/13.3.1/../../../../arm-none-eabi/lib/thumb/v7-m/nofp\libc_nano.a(libc_a-findfp.o)
 .text.global_stdio_init.part.0
                0x08007038       0x3c C:/ST/STM32CubeIDE_1.19.0/STM32CubeIDE/plugins/com.st.stm32cube.ide.mcu.externaltools.gnu-tools-for-stm32.13.3.rel1.win32_1.0.100.202509120712/tools/bin/../lib/gcc/arm-none-eabi/13.3.1/../../../../arm-none-eabi/lib/thumb/v7-m/nofp\libc_nano.a(libc_a-findfp.o)
 .text.__sfp_lock_acquire
                0x08007074        0xc C:/ST/STM32CubeIDE_1.19.0/STM32CubeIDE/plugins/com.st.stm32cube.ide.mcu.externaltools.gnu-tools-for-stm32.13.3.rel1.win32_1.0.100.202509120712/tools/bin/../lib/gcc/arm-none-eabi/13.3.1/../../../../arm-none-eabi/lib/thumb/v7-m/nofp\libc_nano.a(libc_a-findfp.o)
                0x08007074                __sfp_lock_acquire
 .text.__sfp_lock_release
                0x08007080        0xc C:/ST/STM32CubeIDE_1.19.0/STM32CubeIDE/plugins/com.st.stm32cube.ide.mcu.externaltools.gnu-tools-for-stm32.13.3.rel1.win32_1.0.100.202509120712/tools/bin/../lib/gcc/arm-none-eabi/13.3.1/../../../../arm-none-eabi/lib/thumb/v7-m/nofp\libc_nano.a(libc_a-findfp.o)
                0x08007080                __sfp_lock_release
 .text.__sinit  0x0800708c       0x30 C:/ST/STM32CubeIDE_1.19.0/STM32CubeIDE/plugins/com.st.stm32cube.ide.mcu.externaltools.gnu-tools-for-stm32.13.3.rel1.win32_1.0.100.202509120712/tools/bin/../lib/gcc/arm-none-eabi/13.3.1/../../../../arm-none-eabi/lib/thumb/v7-m/nofp\libc_nano.a(libc_a-findfp.o)
                0x0800708c                __sinit
 .text._fwalk_sglue
                0x080070bc       0x3c C:/ST/STM32CubeIDE_1.19.0/STM32CubeIDE/plugins/com.st.stm32cube.ide.mcu.externaltools.gnu-tools-for-stm32.13.3.rel1.win32_1.0.100.202509120712/tools/bin/../lib/gcc/arm-none-eabi/13.3.1/../../../../arm-none-eabi/lib/thumb/v7-m/nofp\libc_nano.a(libc_a-fwalk.o)
                0x080070bc                _fwalk_sglue
 .text.printf   0x080070f8       0x24 C:/ST/STM32CubeIDE_1.19.0/STM32CubeIDE/plugins/com.st.stm32cube.ide.mcu.externaltools.gnu-tools-for-stm32.13.3.rel1.win32_1.0.100.202509120712/tools/bin/../lib/gcc/arm-none-eabi/13.3.1/../../../../arm-none-eabi/lib/thumb/v7-m/nofp\libc_nano.a(libc_a-printf.o)
                0x080070f8                iprintf
                0x080070f8                printf
 .text._puts_r  0x0800711c       0xaa C:/ST/STM32CubeIDE_1.19.0/STM32CubeIDE/plugins/com.st.stm32cube.ide.mcu.externaltools.gnu-tools-for-stm32.13.3.rel1.win32_1.0.100.202509120712/tools/bin/../lib/gcc/arm-none-eabi/13.3.1/../../../../arm-none-eabi/lib/thumb/v7-m/nofp\libc_nano.a(libc_a-puts.o)
                0x0800711c                _puts_r
 *fill*         0x080071c6        0x2 
 .text.puts     0x080071c8       0x10 C:/ST/STM32CubeIDE_1.19.0/STM32CubeIDE/plugins/com.st.stm32cube.ide.mcu.externaltools.gnu-tools-for-stm32.13.3.rel1.win32_1.0.100.202509120712/tools/bin/../lib/gcc/arm-none-eabi/13.3.1/../../../../arm-none-eabi/lib/thumb/v7-m/nofp\libc_nano.a(libc_a-puts.o)
                0x080071c8                puts
 .text.__sread  0x080071d8       0x22 C:/ST/STM32CubeIDE_1.19.0/STM32CubeIDE/plugins/com.st.stm32cube.ide.mcu.externaltools.gnu-tools-for-stm32.13.3.rel1.win32_1.0.100.202509120712/tools/bin/../lib/gcc/arm-none-eabi/13.3.1/../../../../arm-none-eabi/lib/thumb/v7-m/nofp\libc_nano.a(libc_a-stdio.o)
                0x080071d8                __sread
 .text.__swrite
                0x080071fa       0x38 C:/ST/STM32CubeIDE_1.19.0/STM32CubeIDE/plugins/com.st.stm32cube.ide.mcu.externaltools.gnu-tools-for-stm32.13.3.rel1.win32_1.0.100.202509120712/tools/bin/../lib/gcc/arm-none-eabi/13.3.1/../../../../arm-none-eabi/lib/thumb/v7-m/nofp\libc_nano.a(libc_a-stdio.o)
                0x080071fa                __swrite
 .text.__sseek  0x08007232       0x24 C:/ST/STM32CubeIDE_1.19.0/STM32CubeIDE/plugins/com.st.stm32cube.ide.mcu.externaltools.gnu-tools-for-stm32.13.3.rel1.win32_1.0.100.202509120712/tools/bin/../lib/gcc/arm-none-eabi/13.3.1/../../../../arm-none-eabi/lib/thumb/v7-m/nofp\libc_nano.a(libc_a-stdio.o)
                0x08007232                __sseek
 .text.__sclose
                0x08007256        0x8 C:/ST/STM32CubeIDE_1.19.0/STM32CubeIDE/plugins/com.st.stm32cube.ide.mcu.externaltools.gnu-tools-for-stm32.13.3.rel1.win32_1.0.100.202509120712/tools/bin/../lib/gcc/arm-none-eabi/13.3.1/../../../../arm-none-eabi/lib/thumb/v7-m/nofp\libc_nano.a(libc_a-stdio.o)
                0x08007256                __sclose
 .text.__swbuf_r
                0x0800725e       0x7c C:/ST/STM32CubeIDE_1.19.0/STM32CubeIDE/plugins/com.st.stm32cube.ide.mcu.externaltools.gnu-tools-for-stm32.13.3.rel1.win32_1.0.100.202509120712/tools/bin/../lib/gcc/arm-none-eabi/13.3.1/../../../../arm-none-eabi/lib/thumb/v7-m/nofp\libc_nano.a(libc_a-wbuf.o)
                0x0800725e                __swbuf_r
 *fill*         0x080072da        0x2 
 .text.__swsetup_r
                0x080072dc       0xac C:/ST/STM32CubeIDE_1.19.0/STM32CubeIDE/plugins/com.st.stm32cube.ide.mcu.externaltools.gnu-tools-for-stm32.13.3.rel1.win32_1.0.100.202509120712/tools/bin/../lib/gcc/arm-none-eabi/13.3.1/../../../../arm-none-eabi/lib/thumb/v7-m/nofp\libc_nano.a(libc_a-wsetup.o)
                0x080072dc                __swsetup_r
 .text.memset   0x08007388       0x10 C:/ST/STM32CubeIDE_1.19.0/STM32CubeIDE/plugins/com.st.stm32cube.ide.mcu.externaltools.gnu-tools-for-stm32.13.3.rel1.win32_1.0.100.202509120712/tools/bin/../lib/gcc/arm-none-eabi/13.3.1/../../../../arm-none-eabi/lib/thumb/v7-m/nofp\libc_nano.a(libc_a-memset.o)
                0x08007388                memset
 .text._close_r
                0x08007398       0x20 C:/ST/STM32CubeIDE_1.19.0/STM32CubeIDE/plugins/com.st.stm32cube.ide.mcu.externaltools.gnu-tools-for-stm32.13.3.rel1.win32_1.0.100.202509120712/tools/bin/../lib/gcc/arm-none-eabi/13.3.1/../../../../arm-none-eabi/lib/thumb/v7-m/nofp\libc_nano.a(libc_a-closer.o)
                0x08007398                _close_r
 .text._lseek_r
                0x080073b8       0x24 C:/ST/STM32CubeIDE_1.19.0/STM32CubeIDE/plugins/com.st.stm32cube.ide.mcu.externaltools.gnu-tools-for-stm32.13.3.rel1.win32_1.0.100.202509120712/tools/bin/../lib/gcc/arm-none-eabi/13.3.1/../../../../arm-none-eabi/lib/thumb/v7-m/nofp\libc_nano.a(libc_a-lseekr.o)
                0x080073b8                _lseek_r
 .text._read_r  0x080073dc       0x24 C:/ST/STM32CubeIDE_1.19.0/STM32CubeIDE/plugins/com.st.stm32cube.ide.mcu.externaltools.gnu-tools-for-stm32.13.3.rel1.win32_1.0.100.202509120712/tools/bin/../lib/gcc/arm-none-eabi/13.3.1/../../../../arm-none-eabi/lib/thumb/v7-m/nofp\libc_nano.a(libc_a-readr.o)
                0x080073dc                _read_r
 .text._write_r
                0x08007400       0x24 C:/ST/STM32CubeIDE_1.19.0/STM32CubeIDE/plugins/com.st.stm32cube.ide.mcu.externaltools.gnu-tools-for-stm32.13.3.rel1.win32_1.0.100.202509120712/tools/bin/../lib/gcc/arm-none-eabi/13.3.1/../../../../arm-none-eabi/lib/thumb/v7-m/nofp\libc_nano.a(libc_a-writer.o)
                0x08007400                _write_r
 .text.__errno  0x08007424        0xc C:/ST/STM32CubeIDE_1.19.0/STM32CubeIDE/plugins/com.st.stm32cube.ide.mcu.externaltools.gnu-tools-for-stm32.13.3.rel1.win32_1.0.100.202509120712/tools/bin/../lib/gcc/arm-none-eabi/13.3.1/../../../../arm-none-eabi/lib/thumb/v7-m/nofp\libc_nano.a(libc_a-errno.o)
                0x08007424                __errno
 .text.__libc_init_array
                0x08007430       0x48 C:/ST/STM32CubeIDE_1.19.0/STM32CubeIDE/plugins/com.st.stm32cube.ide.mcu.externaltools.gnu-tools-for-stm32.13.3.rel1.win32_1.0.100.202509120712/tools/bin/../lib/gcc/arm-none-eabi/13.3.1/../../../../arm-none-eabi/lib/thumb/v7-m/nofp\libc_nano.a(libc_a-init.o)
                0x08007430                __libc_init_array
 .text.__retarget_lock_init_recursive
                0x08007478        0x2 C:/ST/STM32CubeIDE_1.19.0/STM32CubeIDE/plugins/com.st.stm32cube.ide.mcu.externaltools.gnu-tools-for-stm32.13.3.rel1.win32_1.0.100.202509120712/tools/bin/../lib/gcc/arm-none-eabi/13.3.1/../../../../arm-none-eabi/lib/thumb/v7-m/nofp\libc_nano.a(libc_a-lock.o)
                0x08007478                __retarget_lock_init_recursive
 .text.__retarget_lock_acquire_recursive
                0x0800747a        0x2 C:/ST/STM32CubeIDE_1.19.0/STM32CubeIDE/plugins/com.st.stm32cube.ide.mcu.externaltools.gnu-tools-for-stm32.13.3.rel1.win32_1.0.100.202509120712/tools/bin/../lib/gcc/arm-none-eabi/13.3.1/../../../../arm-none-eabi/lib/thumb/v7-m/nofp\libc_nano.a(libc_a-lock.o)
                0x0800747a                __retarget_lock_acquire_recursive
 .text.__retarget_lock_release_recursive
                0x0800747c        0x2 C:/ST/STM32CubeIDE_1.19.0/STM32CubeIDE/plugins/com.st.stm32cube.ide.mcu.externaltools.gnu-tools-for-stm32.13.3.rel1.win32_1.0.100.202509120712/tools/bin/../lib/gcc/arm-none-eabi/13.3.1/../../../../arm-none-eabi/lib/thumb/v7-m/nofp\libc_nano.a(libc_a-lock.o)
                0x0800747c                __retarget_lock_release_recursive
 *fill*         0x0800747e        0x2 
 .text._free_r  0x08007480       0x90 C:/ST/STM32CubeIDE_1.19.0/STM32CubeIDE/plugins/com.st.stm32cube.ide.mcu.externaltools.gnu-tools-for-stm32.13.3.rel1.win32_1.0.100.202509120712/tools/bin/../lib/gcc/arm-none-eabi/13.3.1/../../../../arm-none-eabi/lib/thumb/v7-m/nofp\libc_nano.a(libc_a-freer.o)
                0x08007480                _free_r
 .text.sbrk_aligned
                0x08007510       0x44 C:/ST/STM32CubeIDE_1.19.0/STM32CubeIDE/plugins/com.st.stm32cube.ide.mcu.externaltools.gnu-tools-for-stm32.13.3.rel1.win32_1.0.100.202509120712/tools/bin/../lib/gcc/arm-none-eabi/13.3.1/../../../../arm-none-eabi/lib/thumb/v7-m/nofp\libc_nano.a(libc_a-mallocr.o)
 .text._malloc_r
                0x08007554      0x100 C:/ST/STM32CubeIDE_1.19.0/STM32CubeIDE/plugins/com.st.stm32cube.ide.mcu.externaltools.gnu-tools-for-stm32.13.3.rel1.win32_1.0.100.202509120712/tools/bin/../lib/gcc/arm-none-eabi/13.3.1/../../../../arm-none-eabi/lib/thumb/v7-m/nofp\libc_nano.a(libc_a-mallocr.o)
                0x08007554                _malloc_r
 .text.__malloc_lock
                0x08007654        0xc C:/ST/STM32CubeIDE_1.19.0/STM32CubeIDE/plugins/com.st.stm32cube.ide.mcu.externaltools.gnu-tools-for-stm32.13.3.rel1.win32_1.0.100.202509120712/tools/bin/../lib/gcc/arm-none-eabi/13.3.1/../../../../arm-none-eabi/lib/thumb/v7-m/nofp\libc_nano.a(libc_a-mlock.o)
                0x08007654                __malloc_lock
 .text.__malloc_unlock
                0x08007660        0xc C:/ST/STM32CubeIDE_1.19.0/STM32CubeIDE/plugins/com.st.stm32cube.ide.mcu.externaltools.gnu-tools-for-stm32.13.3.rel1.win32_1.0.100.202509120712/tools/bin/../lib/gcc/arm-none-eabi/13.3.1/../../../../arm-none-eabi/lib/thumb/v7-m/nofp\libc_nano.a(libc_a-mlock.o)
                0x08007660                __malloc_unlock
 .text.__sfputc_r
                0x0800766c       0x2a C:/ST/STM32CubeIDE_1.19.0/STM32CubeIDE/plugins/com.st.stm32cube.ide.mcu.externaltools.gnu-tools-for-stm32.13.3.rel1.win32_1.0.100.202509120712/tools/bin/../lib/gcc/arm-none-eabi/13.3.1/../../../../arm-none-eabi/lib/thumb/v7-m/nofp\libc_nano.a(libc_a-nano-vfprintf.o)
 .text.__sfputs_r
                0x08007696       0x24 C:/ST/STM32CubeIDE_1.19.0/STM32CubeIDE/plugins/com.st.stm32cube.ide.mcu.externaltools.gnu-tools-for-stm32.13.3.rel1.win32_1.0.100.202509120712/tools/bin/../lib/gcc/arm-none-eabi/13.3.1/../../../../arm-none-eabi/lib/thumb/v7-m/nofp\libc_nano.a(libc_a-nano-vfprintf.o)
                0x08007696                __sfputs_r
 *fill*         0x080076ba        0x2 
 .text._vfprintf_r
                0x080076bc      0x230 C:/ST/STM32CubeIDE_1.19.0/STM32CubeIDE/plugins/com.st.stm32cube.ide.mcu.externaltools.gnu-tools-for-stm32.13.3.rel1.win32_1.0.100.202509120712/tools/bin/../lib/gcc/arm-none-eabi/13.3.1/../../../../arm-none-eabi/lib/thumb/v7-m/nofp\libc_nano.a(libc_a-nano-vfprintf.o)
                0x080076bc                _vfprintf_r
                0x080076bc                _vfiprintf_r
 .text._printf_common
                0x080078ec       0xe4 C:/ST/STM32CubeIDE_1.19.0/STM32CubeIDE/plugins/com.st.stm32cube.ide.mcu.externaltools.gnu-tools-for-stm32.13.3.rel1.win32_1.0.100.202509120712/tools/bin/../lib/gcc/arm-none-eabi/13.3.1/../../../../arm-none-eabi/lib/thumb/v7-m/nofp\libc_nano.a(libc_a-nano-vfprintf_i.o)
                0x080078ec                _printf_common
 .text._printf_i
                0x080079d0      0x23c C:/ST/STM32CubeIDE_1.19.0/STM32CubeIDE/plugins/com.st.stm32cube.ide.mcu.externaltools.gnu-tools-for-stm32.13.3.rel1.win32_1.0.100.202509120712/tools/bin/../lib/gcc/arm-none-eabi/13.3.1/../../../../arm-none-eabi/lib/thumb/v7-m/nofp\libc_nano.a(libc_a-nano-vfprintf_i.o)
                0x080079d0                _printf_i
 .text.__sflush_r
                0x08007c0c      0x100 C:/ST/STM32CubeIDE_1.19.0/STM32CubeIDE/plugins/com.st.stm32cube.ide.mcu.externaltools.gnu-tools-for-stm32.13.3.rel1.win32_1.0.100.202509120712/tools/bin/../lib/gcc/arm-none-eabi/13.3.1/../../../../arm-none-eabi/lib/thumb/v7-m/nofp\libc_nano.a(libc_a-fflush.o)
                0x08007c0c                __sflush_r
 .text._fflush_r
                0x08007d0c       0x50 C:/ST/STM32CubeIDE_1.19.0/STM32CubeIDE/plugins/com.st.stm32cube.ide.mcu.externaltools.gnu-tools-for-stm32.13.3.rel1.win32_1.0.100.202509120712/tools/bin/../lib/gcc/arm-none-eabi/13.3.1/../../../../arm-none-eabi/lib/thumb/v7-m/nofp\libc_nano.a(libc_a-fflush.o)
                0x08007d0c                _fflush_r
 .text.__swhatbuf_r
                0x08007d5c       0x4a C:/ST/STM32CubeIDE_1.19.0/STM32CubeIDE/plugins/com.st.stm32cube.ide.mcu.externaltools.gnu-tools-for-stm32.13.3.rel1.win32_1.0.100.202509120712/tools/bin/../lib/gcc/arm-none-eabi/13.3.1/../../../../arm-none-eabi/lib/thumb/v7-m/nofp\libc_nano.a(libc_a-makebuf.o)
                0x08007d5c                __swhatbuf_r
 .text.__smakebuf_r
                0x08007da6       0x78 C:/ST/STM32CubeIDE_1.19.0/STM32CubeIDE/plugins/com.st.stm32cube.ide.mcu.externaltools.gnu-tools-for-stm32.13.3.rel1.win32_1.0.100.202509120712/tools/bin/../lib/gcc/arm-none-eabi/13.3.1/../../../../arm-none-eabi/lib/thumb/v7-m/nofp\libc_nano.a(libc_a-makebuf.o)
                0x08007da6                __smakebuf_r
 *fill*         0x08007e1e        0x2 
 .text._fstat_r
                0x08007e20       0x24 C:/ST/STM32CubeIDE_1.19.0/STM32CubeIDE/plugins/com.st.stm32cube.ide.mcu.externaltools.gnu-tools-for-stm32.13.3.rel1.win32_1.0.100.202509120712/tools/bin/../lib/gcc/arm-none-eabi/13.3.1/../../../../arm-none-eabi/lib/thumb/v7-m/nofp\libc_nano.a(libc_a-fstatr.o)
                0x08007e20                _fstat_r
 .text._isatty_r
                0x08007e44       0x20 C:/ST/STM32CubeIDE_1.19.0/STM32CubeIDE/plugins/com.st.stm32cube.ide.mcu.externaltools.gnu-tools-for-stm32.13.3.rel1.win32_1.0.100.202509120712/tools/bin/../lib/gcc/arm-none-eabi/13.3.1/../../../../arm-none-eabi/lib/thumb/v7-m/nofp\libc_nano.a(libc_a-isattyr.o)
                0x08007e44                _isatty_r
 .text._sbrk_r  0x08007e64       0x20 C:/ST/STM32CubeIDE_1.19.0/STM32CubeIDE/plugins/com.st.stm32cube.ide.mcu.externaltools.gnu-tools-for-stm32.13.3.rel1.win32_1.0.100.202509120712/tools/bin/../lib/gcc/arm-none-eabi/13.3.1/../../../../arm-none-eabi/lib/thumb/v7-m/nofp\libc_nano.a(libc_a-sbrkr.o)
                0x08007e64                _sbrk_r
 .text.memchr   0x08007e84       0x1c C:/ST/STM32CubeIDE_1.19.0/STM32CubeIDE/plugins/com.st.stm32cube.ide.mcu.externaltools.gnu-tools-for-stm32.13.3.rel1.win32_1.0.100.202509120712/tools/bin/../lib/gcc/arm-none-eabi/13.3.1/../../../../arm-none-eabi/lib/thumb/v7-m/nofp\libc_nano.a(libc_a-memchr-stub.o)
                0x08007e84                memchr
 *(.glue_7)
 .glue_7        0x08007ea0        0x0 linker stubs
 *(.glue_7t)
 .glue_7t       0x08007ea0        0x0 linker stubs
 *(.eh_frame)
 .eh_frame      0x08007ea0        0x0 C:/ST/STM32CubeIDE_1.19.0/STM32CubeIDE/plugins/com.st.stm32cube.ide.mcu.externaltools.gnu-tools-for-stm32.13.3.rel1.win32_1.0.100.202509120712/tools/bin/../lib/gcc/arm-none-eabi/13.3.1/thumb/v7-m/nofp/crtbegin.o
 *(.init)
 .init          0x08007ea0        0x4 C:/ST/STM32CubeIDE_1.19.0/STM32CubeIDE/plugins/com.st.stm32cube.ide.mcu.externaltools.gnu-tools-for-stm32.13.3.rel1.win32_1.0.100.202509120712/tools/bin/../lib/gcc/arm-none-eabi/13.3.1/thumb/v7-m/nofp/crti.o
                0x08007ea0                _init
 .init          0x08007ea4        0x8 C:/ST/STM32CubeIDE_1.19.0/STM32CubeIDE/plugins/com.st.stm32cube.ide.mcu.externaltools.gnu-tools-for-stm32.13.3.rel1.win32_1.0.100.202509120712/tools/bin/../lib/gcc/arm-none-eabi/13.3.1/thumb/v7-m/nofp/crtn.o
 *(.fini)
 .fini          0x08007eac        0x4 C:/ST/STM32CubeIDE_1.19.0/STM32CubeIDE/plugins/com.st.stm32cube.ide.mcu.externaltools.gnu-tools-for-stm32.13.3.rel1.win32_1.0.100.202509120712/tools/bin/../lib/gcc/arm-none-eabi/13.3.1/thumb/v7-m/nofp/crti.o
                0x08007eac                _fini
 .fini          0x08007eb0        0x8 C:/ST/STM32CubeIDE_1.19.0/STM32CubeIDE/plugins/com.st.stm32cube.ide.mcu.externaltools.gnu-tools-for-stm32.13.3.rel1.win32_1.0.100.202509120712/tools/bin/../lib/gcc/arm-none-eabi/13.3.1/thumb/v7-m/nofp/crtn.o
                0x08007eb8                        . = ALIGN (0x4)
                0x08007eb8                        _etext = .

.vfp11_veneer   0x08007eb8        0x0
 .vfp11_veneer  0x08007eb8        0x0 linker stubs

.v4_bx          0x08007eb8        0x0
 .v4_bx         0x08007eb8        0x0 linker stubs

.iplt           0x08007eb8        0x0
 .iplt          0x08007eb8        0x0 C:/ST/STM32CubeIDE_1.19.0/STM32CubeIDE/plugins/com.st.stm32cube.ide.mcu.externaltools.gnu-tools-for-stm32.13.3.rel1.win32_1.0.100.202509120712/tools/bin/../lib/gcc/arm-none-eabi/13.3.1/thumb/v7-m/nofp/crtbegin.o

.rodata         0x08007eb8     0x213c
                0x08007eb8                        . = ALIGN (0x4)
 *(.rodata)
 .rodata        0x08007eb8        0x6 ./Core/Src/bmi2.o
 *fill*         0x08007ebe        0x2 
 .rodata        0x08007ec0       0x88 ./Core/Src/main.o
 *(.rodata*)
 .rodata.bmi270_config_file
                0x08007f48     0x2000 ./Core/Src/bmi270.o
                0x08007f48                bmi270_config_file
 .rodata.bmi270_feat_in
                0x08009f48       0x33 ./Core/Src/bmi270.o
                0x08009f48                bmi270_feat_in
 *fill*         0x08009f7b        0x1 
 .rodata.bmi270_feat_out
                0x08009f7c       0x15 ./Core/Src/bmi270.o
                0x08009f7c                bmi270_feat_out
 *fill*         0x08009f91        0x3 
 .rodata.AHBPrescTable
                0x08009f94       0x10 ./Core/Src/system_stm32f1xx.o
                0x08009f94                AHBPrescTable
 .rodata.APBPrescTable
                0x08009fa4        0x8 ./Core/Src/system_stm32f1xx.o
                0x08009fa4                APBPrescTable
 .rodata.aPLLMULFactorTable.1
                0x08009fac       0x10 ./Drivers/STM32F1xx_HAL_Driver/Src/stm32f1xx_hal_rcc.o
 .rodata.aPredivFactorTable.0
                0x08009fbc        0x2 ./Drivers/STM32F1xx_HAL_Driver/Src/stm32f1xx_hal_rcc.o
 .rodata._vfprintf_r.str1.1
                0x08009fbe       0x33 C:/ST/STM32CubeIDE_1.19.0/STM32CubeIDE/plugins/com.st.stm32cube.ide.mcu.externaltools.gnu-tools-for-stm32.13.3.rel1.win32_1.0.100.202509120712/tools/bin/../lib/gcc/arm-none-eabi/13.3.1/../../../../arm-none-eabi/lib/thumb/v7-m/nofp\libc_nano.a(libc_a-nano-vfprintf.o)
                                 0x11 (size before relaxing)
 .rodata._printf_i.str1.1
                0x08009ff1        0x0 C:/ST/STM32CubeIDE_1.19.0/STM32CubeIDE/plugins/com.st.stm32cube.ide.mcu.externaltools.gnu-tools-for-stm32.13.3.rel1.win32_1.0.100.202509120712/tools/bin/../lib/gcc/arm-none-eabi/13.3.1/../../../../arm-none-eabi/lib/thumb/v7-m/nofp\libc_nano.a(libc_a-nano-vfprintf_i.o)
                                 0x22 (size before relaxing)
                0x08009ff4                        . = ALIGN (0x4)
 *fill*         0x08009ff1        0x3 

.ARM.extab      0x08009ff4        0x0
                0x08009ff4                        . = ALIGN (0x4)
 *(.ARM.extab* .gnu.linkonce.armextab.*)
                0x08009ff4                        . = ALIGN (0x4)

.ARM            0x08009ff4        0x0
                0x08009ff4                        . = ALIGN (0x4)
                0x08009ff4                        __exidx_start = .
 *(.ARM.exidx*)
                0x08009ff4                        __exidx_end = .
                0x08009ff4                        . = ALIGN (0x4)

.preinit_array  0x08009ff4        0x0
                0x08009ff4                        . = ALIGN (0x4)
                0x08009ff4                        PROVIDE (__preinit_array_start = .)
 *(.preinit_array*)
                0x08009ff4                        PROVIDE (__preinit_array_end = .)
                0x08009ff4                        . = ALIGN (0x4)

.init_array     0x08009ff4        0x4
                0x08009ff4                        . = ALIGN (0x4)
                0x08009ff4                        PROVIDE (__init_array_start = .)
 *(SORT_BY_NAME(.init_array.*))
 *(.init_array*)
 .init_array    0x08009ff4        0x4 C:/ST/STM32CubeIDE_1.19.0/STM32CubeIDE/plugins/com.st.stm32cube.ide.mcu.externaltools.gnu-tools-for-stm32.13.3.rel1.win32_1.0.100.202509120712/tools/bin/../lib/gcc/arm-none-eabi/13.3.1/thumb/v7-m/nofp/crtbegin.o
                0x08009ff8                        PROVIDE (__init_array_end = .)
                0x08009ff8                        . = ALIGN (0x4)

.fini_array     0x08009ff8        0x4
                0x08009ff8                        . = ALIGN (0x4)
                [!provide]                        PROVIDE (__fini_array_start = .)
 *(SORT_BY_NAME(.fini_array.*))
 *(.fini_array*)
 .fini_array    0x08009ff8        0x4 C:/ST/STM32CubeIDE_1.19.0/STM32CubeIDE/plugins/com.st.stm32cube.ide.mcu.externaltools.gnu-tools-for-stm32.13.3.rel1.win32_1.0.100.202509120712/tools/bin/../lib/gcc/arm-none-eabi/13.3.1/thumb/v7-m/nofp/crtbegin.o
                [!provide]                        PROVIDE (__fini_array_end = .)
                0x08009ffc                        . = ALIGN (0x4)
                0x08009ffc                        _sidata = LOADADDR (.data)

.rel.dyn        0x08009ffc        0x0
 .rel.iplt      0x08009ffc        0x0 C:/ST/STM32CubeIDE_1.19.0/STM32CubeIDE/plugins/com.st.stm32cube.ide.mcu.externaltools.gnu-tools-for-stm32.13.3.rel1.win32_1.0.100.202509120712/tools/bin/../lib/gcc/arm-none-eabi/13.3.1/thumb/v7-m/nofp/crtbegin.o

.data           0x20000000       0x78 load address 0x08009ffc
                0x20000000                        . = ALIGN (0x4)
                0x20000000                        _sdata = .
 *(.data)
 *(.data*)
 .data.bmi270_map_int
                0x20000000       0x10 ./Core/Src/bmi270.o
                0x20000000                bmi270_map_int
 .data.SystemCoreClock
                0x20000010        0x4 ./Core/Src/system_stm32f1xx.o
                0x20000010                SystemCoreClock
 .data.uwTickPrio
                0x20000014        0x4 ./Drivers/STM32F1xx_HAL_Driver/Src/stm32f1xx_hal.o
                0x20000014                uwTickPrio
 .data.uwTickFreq
                0x20000018        0x1 ./Drivers/STM32F1xx_HAL_Driver/Src/stm32f1xx_hal.o
                0x20000018                uwTickFreq
 *fill*         0x20000019        0x3 
 .data.__sglue  0x2000001c        0xc C:/ST/STM32CubeIDE_1.19.0/STM32CubeIDE/plugins/com.st.stm32cube.ide.mcu.externaltools.gnu-tools-for-stm32.13.3.rel1.win32_1.0.100.202509120712/tools/bin/../lib/gcc/arm-none-eabi/13.3.1/../../../../arm-none-eabi/lib/thumb/v7-m/nofp\libc_nano.a(libc_a-findfp.o)
                0x2000001c                __sglue
 .data._impure_ptr
                0x20000028        0x4 C:/ST/STM32CubeIDE_1.19.0/STM32CubeIDE/plugins/com.st.stm32cube.ide.mcu.externaltools.gnu-tools-for-stm32.13.3.rel1.win32_1.0.100.202509120712/tools/bin/../lib/gcc/arm-none-eabi/13.3.1/../../../../arm-none-eabi/lib/thumb/v7-m/nofp\libc_nano.a(libc_a-impure.o)
                0x20000028                _impure_ptr
 .data._impure_data
                0x2000002c       0x4c C:/ST/STM32CubeIDE_1.19.0/STM32CubeIDE/plugins/com.st.stm32cube.ide.mcu.externaltools.gnu-tools-for-stm32.13.3.rel1.win32_1.0.100.202509120712/tools/bin/../lib/gcc/arm-none-eabi/13.3.1/../../../../arm-none-eabi/lib/thumb/v7-m/nofp\libc_nano.a(libc_a-impure.o)
                0x2000002c                _impure_data
 *(.RamFunc)
 *(.RamFunc*)
                0x20000078                        . = ALIGN (0x4)
                0x20000078                        _edata = .

.igot.plt       0x20000078        0x0 load address 0x0800a074
 .igot.plt      0x20000078        0x0 C:/ST/STM32CubeIDE_1.19.0/STM32CubeIDE/plugins/com.st.stm32cube.ide.mcu.externaltools.gnu-tools-for-stm32.13.3.rel1.win32_1.0.100.202509120712/tools/bin/../lib/gcc/arm-none-eabi/13.3.1/thumb/v7-m/nofp/crtbegin.o
                0x20000078                        . = ALIGN (0x4)

.bss            0x20000078      0x1c4 load address 0x0800a074
                0x20000078                        _sbss = .
                0x20000078                        __bss_start__ = _sbss
 *(.bss)
 .bss           0x20000078       0x1c C:/ST/STM32CubeIDE_1.19.0/STM32CubeIDE/plugins/com.st.stm32cube.ide.mcu.externaltools.gnu-tools-for-stm32.13.3.rel1.win32_1.0.100.202509120712/tools/bin/../lib/gcc/arm-none-eabi/13.3.1/thumb/v7-m/nofp/crtbegin.o
 *(.bss*)
 .bss.hi2c1     0x20000094       0x54 ./Core/Src/main.o
                0x20000094                hi2c1
 .bss.__sbrk_heap_end
                0x200000e8        0x4 ./Core/Src/sysmem.o
 .bss.uwTick    0x200000ec        0x4 ./Drivers/STM32F1xx_HAL_Driver/Src/stm32f1xx_hal.o
                0x200000ec                uwTick
 .bss.__sf      0x200000f0      0x138 C:/ST/STM32CubeIDE_1.19.0/STM32CubeIDE/plugins/com.st.stm32cube.ide.mcu.externaltools.gnu-tools-for-stm32.13.3.rel1.win32_1.0.100.202509120712/tools/bin/../lib/gcc/arm-none-eabi/13.3.1/../../../../arm-none-eabi/lib/thumb/v7-m/nofp\libc_nano.a(libc_a-findfp.o)
                0x200000f0                __sf
 .bss.__stdio_exit_handler
                0x20000228        0x4 C:/ST/STM32CubeIDE_1.19.0/STM32CubeIDE/plugins/com.st.stm32cube.ide.mcu.externaltools.gnu-tools-for-stm32.13.3.rel1.win32_1.0.100.202509120712/tools/bin/../lib/gcc/arm-none-eabi/13.3.1/../../../../arm-none-eabi/lib/thumb/v7-m/nofp\libc_nano.a(libc_a-findfp.o)
                0x20000228                __stdio_exit_handler
 .bss.errno     0x2000022c        0x4 C:/ST/STM32CubeIDE_1.19.0/STM32CubeIDE/plugins/com.st.stm32cube.ide.mcu.externaltools.gnu-tools-for-stm32.13.3.rel1.win32_1.0.100.202509120712/tools/bin/../lib/gcc/arm-none-eabi/13.3.1/../../../../arm-none-eabi/lib/thumb/v7-m/nofp\libc_nano.a(libc_a-reent.o)
                0x2000022c                errno
 .bss.__lock___malloc_recursive_mutex
                0x20000230        0x1 C:/ST/STM32CubeIDE_1.19.0/STM32CubeIDE/plugins/com.st.stm32cube.ide.mcu.externaltools.gnu-tools-for-stm32.13.3.rel1.win32_1.0.100.202509120712/tools/bin/../lib/gcc/arm-none-eabi/13.3.1/../../../../arm-none-eabi/lib/thumb/v7-m/nofp\libc_nano.a(libc_a-lock.o)
                0x20000230                __lock___malloc_recursive_mutex
 .bss.__lock___sfp_recursive_mutex
                0x20000231        0x1 C:/ST/STM32CubeIDE_1.19.0/STM32CubeIDE/plugins/com.st.stm32cube.ide.mcu.externaltools.gnu-tools-for-stm32.13.3.rel1.win32_1.0.100.202509120712/tools/bin/../lib/gcc/arm-none-eabi/13.3.1/../../../../arm-none-eabi/lib/thumb/v7-m/nofp\libc_nano.a(libc_a-lock.o)
                0x20000231                __lock___sfp_recursive_mutex
 *fill*         0x20000232        0x2 
 .bss.__malloc_sbrk_start
                0x20000234        0x4 C:/ST/STM32CubeIDE_1.19.0/STM32CubeIDE/plugins/com.st.stm32cube.ide.mcu.externaltools.gnu-tools-for-stm32.13.3.rel1.win32_1.0.100.202509120712/tools/bin/../lib/gcc/arm-none-eabi/13.3.1/../../../../arm-none-eabi/lib/thumb/v7-m/nofp\libc_nano.a(libc_a-mallocr.o)
                0x20000234                __malloc_sbrk_start
 .bss.__malloc_free_list
                0x20000238        0x4 C:/ST/STM32CubeIDE_1.19.0/STM32CubeIDE/plugins/com.st.stm32cube.ide.mcu.externaltools.gnu-tools-for-stm32.13.3.rel1.win32_1.0.100.202509120712/tools/bin/../lib/gcc/arm-none-eabi/13.3.1/../../../../arm-none-eabi/lib/thumb/v7-m/nofp\libc_nano.a(libc_a-mallocr.o)
                0x20000238                __malloc_free_list
 *(COMMON)
                0x2000023c                        . = ALIGN (0x4)
                0x2000023c                        _ebss = .
                0x2000023c                        __bss_end__ = _ebss

._user_heap_stack
                0x2000023c     0x1404 load address 0x0800a074
                0x20000240                        . = ALIGN (0x8)
 *fill*         0x2000023c        0x4 
                [!provide]                        PROVIDE (end = .)
                0x20000240                        PROVIDE (_end = .)
                0x20000640                        . = (. + _Min_Heap_Size)
 *fill*         0x20000240      0x400 
                0x20001640                        . = (. + _Min_Stack_Size)
 *fill*         0x20000640     0x1000 
                0x20001640                        . = ALIGN (0x8)

/DISCARD/
 libc.a(*)
 libm.a(*)
 libgcc.a(*)

.ARM.attributes
                0x00000000       0x29
 *(.ARM.attributes)
 .ARM.attributes
                0x00000000       0x1d C:/ST/STM32CubeIDE_1.19.0/STM32CubeIDE/plugins/com.st.stm32cube.ide.mcu.externaltools.gnu-tools-for-stm32.13.3.rel1.win32_1.0.100.202509120712/tools/bin/../lib/gcc/arm-none-eabi/13.3.1/thumb/v7-m/nofp/crti.o
 .ARM.attributes
                0x0000001d       0x2d C:/ST/STM32CubeIDE_1.19.0/STM32CubeIDE/plugins/com.st.stm32cube.ide.mcu.externaltools.gnu-tools-for-stm32.13.3.rel1.win32_1.0.100.202509120712/tools/bin/../lib/gcc/arm-none-eabi/13.3.1/thumb/v7-m/nofp/crtbegin.o
 .ARM.attributes
                0x0000004a       0x2d ./Core/Src/bmi2.o
 .ARM.attributes
                0x00000077       0x2d ./Core/Src/bmi270.o
 .ARM.attributes
                0x000000a4       0x2d ./Core/Src/bmi2_port.o
 .ARM.attributes
                0x000000d1       0x2d ./Core/Src/main.o
 .ARM.attributes
                0x000000fe       0x2d ./Core/Src/stm32f1xx_hal_msp.o
 .ARM.attributes
                0x0000012b       0x2d ./Core/Src/stm32f1xx_it.o
 .ARM.attributes
                0x00000158       0x2d ./Core/Src/syscalls.o
 .ARM.attributes
                0x00000185       0x2d ./Core/Src/sysmem.o
 .ARM.attributes
                0x000001b2       0x2d ./Core/Src/system_stm32f1xx.o
 .ARM.attributes
                0x000001df       0x21 ./Core/Startup/startup_stm32f103c8tx.o
 .ARM.attributes
                0x00000200       0x2d ./Drivers/STM32F1xx_HAL_Driver/Src/stm32f1xx_hal.o
 .ARM.attributes
                0x0000022d       0x2d ./Drivers/STM32F1xx_HAL_Driver/Src/stm32f1xx_hal_cortex.o
 .ARM.attributes
                0x0000025a       0x2d ./Drivers/STM32F1xx_HAL_Driver/Src/stm32f1xx_hal_gpio.o
 .ARM.attributes
                0x00000287       0x2d ./Drivers/STM32F1xx_HAL_Driver/Src/stm32f1xx_hal_i2c.o
 .ARM.attributes
                0x000002b4       0x2d ./Drivers/STM32F1xx_HAL_Driver/Src/stm32f1xx_hal_rcc.o
 .ARM.attributes
                0x000002e1       0x2d C:/ST/STM32CubeIDE_1.19.0/STM32CubeIDE/plugins/com.st.stm32cube.ide.mcu.externaltools.gnu-tools-for-stm32.13.3.rel1.win32_1.0.100.202509120712/tools/bin/../lib/gcc/arm-none-eabi/13.3.1/../../../../arm-none-eabi/lib/thumb/v7-m/nofp\libc_nano.a(libc_a-findfp.o)
 .ARM.attributes
                0x0000030e       0x2d C:/ST/STM32CubeIDE_1.19.0/STM32CubeIDE/plugins/com.st.stm32cube.ide.mcu.externaltools.gnu-tools-for-stm32.13.3.rel1.win32_1.0.100.202509120712/tools/bin/../lib/gcc/arm-none-eabi/13.3.1/../../../../arm-none-eabi/lib/thumb/v7-m/nofp\libc_nano.a(libc_a-fwalk.o)
 .ARM.attributes
                0x0000033b       0x2d C:/ST/STM32CubeIDE_1.19.0/STM32CubeIDE/plugins/com.st.stm32cube.ide.mcu.externaltools.gnu-tools-for-stm32.13.3.rel1.win32_1.0.100.202509120712/tools/bin/../lib/gcc/arm-none-eabi/13.3.1/../../../../arm-none-eabi/lib/thumb/v7-m/nofp\libc_nano.a(libc_a-printf.o)
 .ARM.attributes
                0x00000368       0x2d C:/ST/STM32CubeIDE_1.19.0/STM32CubeIDE/plugins/com.st.stm32cube.ide.mcu.externaltools.gnu-tools-for-stm32.13.3.rel1.win32_1.0.100.202509120712/tools/bin/../lib/gcc/arm-none-eabi/13.3.1/../../../../arm-none-eabi/lib/thumb/v7-m/nofp\libc_nano.a(libc_a-puts.o)
 .ARM.attributes
                0x00000395       0x2d C:/ST/STM32CubeIDE_1.19.0/STM32CubeIDE/plugins/com.st.stm32cube.ide.mcu.externaltools.gnu-tools-for-stm32.13.3.rel1.win32_1.0.100.202509120712/tools/bin/../lib/gcc/arm-none-eabi/13.3.1/../../../../arm-none-eabi/lib/thumb/v7-m/nofp\libc_nano.a(libc_a-stdio.o)
 .ARM.attributes
                0x000003c2       0x2d C:/ST/STM32CubeIDE_1.19.0/STM32CubeIDE/plugins/com.st.stm32cube.ide.mcu.externaltools.gnu-tools-for-stm32.13.3.rel1.win32_1.0.100.202509120712/tools/bin/../lib/gcc/arm-none-eabi/13.3.1/../../../../arm-none-eabi/lib/thumb/v7-m/nofp\libc_nano.a(libc_a-wbuf.o)
 .ARM.attributes
                0x000003ef       0x2d C:/ST/STM32CubeIDE_1.19.0/STM32CubeIDE/plugins/com.st.stm32cube.ide.mcu.externaltools.gnu-tools-for-stm32.13.3.rel1.win32_1.0.100.202509120712/tools/bin/../lib/gcc/arm-none-eabi/13.3.1/../../../../arm-none-eabi/lib/thumb/v7-m/nofp\libc_nano.a(libc_a-wsetup.o)
 .ARM.attributes
                0x0000041c       0x2d C:/ST/STM32CubeIDE_1.19.0/STM32CubeIDE/plugins/com.st.stm32cube.ide.mcu.externaltools.gnu-tools-for-stm32.13.3.rel1.win32_1.0.100.202509120712/tools/bin/../lib/gcc/arm-none-eabi/13.3.1/../../../../arm-none-eabi/lib/thumb/v7-m/nofp\libc_nano.a(libc_a-memset.o)
 .ARM.attributes
                0x00000449       0x2d C:/ST/STM32CubeIDE_1.19.0/STM32CubeIDE/plugins/com.st.stm32cube.ide.mcu.externaltools.gnu-tools-for-stm32.13.3.rel1.win32_1.0.100.202509120712/tools/bin/../lib/gcc/arm-none-eabi/13.3.1/../../../../arm-none-eabi/lib/thumb/v7-m/nofp\libc_nano.a(libc_a-closer.o)
 .ARM.attributes
                0x00000476       0x2d C:/ST/STM32CubeIDE_1.19.0/STM32CubeIDE/plugins/com.st.stm32cube.ide.mcu.externaltools.gnu-tools-for-stm32.13.3.rel1.win32_1.0.100.202509120712/tools/bin/../lib/gcc/arm-none-eabi/13.3.1/../../../../arm-none-eabi/lib/thumb/v7-m/nofp\libc_nano.a(libc_a-reent.o)
 .ARM.attributes
                0x000004a3       0x2d C:/ST/STM32CubeIDE_1.19.0/STM32CubeIDE/plugins/com.st.stm32cube.ide.mcu.externaltools.gnu-tools-for-stm32.13.3.rel1.win32_1.0.100.202509120712/tools/bin/../lib/gcc/arm-none-eabi/13.3.1/../../../../arm-none-eabi/lib/thumb/v7-m/nofp\libc_nano.a(libc_a-impure.o)
 .ARM.attributes
                0x000004d0       0x2d C:/ST/STM32CubeIDE_1.19.0/STM32CubeIDE/plugins/com.st.stm32cube.ide.mcu.externaltools.gnu-tools-for-stm32.13.3.rel1.win32_1.0.100.202509120712/tools/bin/../lib/gcc/arm-none-eabi/13.3.1/../../../../arm-none-eabi/lib/thumb/v7-m/nofp\libc_nano.a(libc_a-lseekr.o)
 .ARM.attributes
                0x000004fd       0x2d C:/ST/STM32CubeIDE_1.19.0/STM32CubeIDE/plugins/com.st.stm32cube.ide.mcu.externaltools.gnu-tools-for-stm32.13.3.rel1.win32_1.0.100.202509120712/tools/bin/../lib/gcc/arm-none-eabi/13.3.1/../../../../arm-none-eabi/lib/thumb/v7-m/nofp\libc_nano.a(libc_a-readr.o)
 .ARM.attributes
                0x0000052a       0x2d C:/ST/STM32CubeIDE_1.19.0/STM32CubeIDE/plugins/com.st.stm32cube.ide.mcu.externaltools.gnu-tools-for-stm32.13.3.rel1.win32_1.0.100.202509120712/tools/bin/../lib/gcc/arm-none-eabi/13.3.1/../../../../arm-none-eabi/lib/thumb/v7-m/nofp\libc_nano.a(libc_a-writer.o)
 .ARM.attributes
                0x00000557       0x2d C:/ST/STM32CubeIDE_1.19.0/STM32CubeIDE/plugins/com.st.stm32cube.ide.mcu.externaltools.gnu-tools-for-stm32.13.3.rel1.win32_1.0.100.202509120712/tools/bin/../lib/gcc/arm-none-eabi/13.3.1/../../../../arm-none-eabi/lib/thumb/v7-m/nofp\libc_nano.a(libc_a-errno.o)
 .ARM.attributes
                0x00000584       0x2d C:/ST/STM32CubeIDE_1.19.0/STM32CubeIDE/plugins/com.st.stm32cube.ide.mcu.externaltools.gnu-tools-for-stm32.13.3.rel1.win32_1.0.100.202509120712/tools/bin/../lib/gcc/arm-none-eabi/13.3.1/../../../../arm-none-eabi/lib/thumb/v7-m/nofp\libc_nano.a(libc_a-init.o)
 .ARM.attributes
                0x000005b1       0x2d C:/ST/STM32CubeIDE_1.19.0/STM32CubeIDE/plugins/com.st.stm32cube.ide.mcu.externaltools.gnu-tools-for-stm32.13.3.rel1.win32_1.0.100.202509120712/tools/bin/../lib/gcc/arm-none-eabi/13.3.1/../../../../arm-none-eabi/lib/thumb/v7-m/nofp\libc_nano.a(libc_a-lock.o)
 .ARM.attributes
                0x000005de       0x2d C:/ST/STM32CubeIDE_1.19.0/STM32CubeIDE/plugins/com.st.stm32cube.ide.mcu.externaltools.gnu-tools-for-stm32.13.3.rel1.win32_1.0.100.202509120712/tools/bin/../lib/gcc/arm-none-eabi/13.3.1/../../../../arm-none-eabi/lib/thumb/v7-m/nofp\libc_nano.a(libc_a-freer.o)
 .ARM.attributes
                0x0000060b       0x2d C:/ST/STM32CubeIDE_1.19.0/STM32CubeIDE/plugins/com.st.stm32cube.ide.mcu.externaltools.gnu-tools-for-stm32.13.3.rel1.win32_1.0.100.202509120712/tools/bin/../lib/gcc/arm-none-eabi/13.3.1/../../../../arm-none-eabi/lib/thumb/v7-m/nofp\libc_nano.a(libc_a-mallocr.o)
 .ARM.attributes
                0x00000638       0x2d C:/ST/STM32CubeIDE_1.19.0/STM32CubeIDE/plugins/com.st.stm32cube.ide.mcu.externaltools.gnu-tools-for-stm32.13.3.rel1.win32_1.0.100.202509120712/tools/bin/../lib/gcc/arm-none-eabi/13.3.1/../../../../arm-none-eabi/lib/thumb/v7-m/nofp\libc_nano.a(libc_a-mlock.o)
 .ARM.attributes
                0x00000665       0x2d C:/ST/STM32CubeIDE_1.19.0/STM32CubeIDE/plugins/com.st.stm32cube.ide.mcu.externaltools.gnu-tools-for-stm32.13.3.rel1.win32_1.0.100.202509120712/tools/bin/../lib/gcc/arm-none-eabi/13.3.1/../../../../arm-none-eabi/lib/thumb/v7-m/nofp\libc_nano.a(libc_a-nano-vfprintf.o)
 .ARM.attributes
                0x00000692       0x2d C:/ST/STM32CubeIDE_1.19.0/STM32CubeIDE/plugins/com.st.stm32cube.ide.mcu.externaltools.gnu-tools-for-stm32.13.3.rel1.win32_1.0.100.202509120712/tools/bin/../lib/gcc/arm-none-eabi/13.3.1/../../../../arm-none-eabi/lib/thumb/v7-m/nofp\libc_nano.a(libc_a-nano-vfprintf_i.o)
 .ARM.attributes
                0x000006bf       0x2d C:/ST/STM32CubeIDE_1.19.0/STM32CubeIDE/plugins/com.st.stm32cube.ide.mcu.externaltools.gnu-tools-for-stm32.13.3.rel1.win32_1.0.100.202509120712/tools/bin/../lib/gcc/arm-none-eabi/13.3.1/../../../../arm-none-eabi/lib/thumb/v7-m/nofp\libc_nano.a(libc_a-fflush.o)
 .ARM.attributes
                0x000006ec       0x2d C:/ST/STM32CubeIDE_1.19.0/STM32CubeIDE/plugins/com.st.stm32cube.ide.mcu.externaltools.gnu-tools-for-stm32.13.3.rel1.win32_1.0.100.202509120712/tools/bin/../lib/gcc/arm-none-eabi/13.3.1/../../../../arm-none-eabi/lib/thumb/v7-m/nofp\libc_nano.a(libc_a-makebuf.o)
 .ARM.attributes
                0x00000719       0x2d C:/ST/STM32CubeIDE_1.19.0/STM32CubeIDE/plugins/com.st.stm32cube.ide.mcu.externaltools.gnu-tools-for-stm32.13.3.rel1.win32_1.0.100.202509120712/tools/bin/../lib/gcc/arm-none-eabi/13.3.1/../../../../arm-none-eabi/lib/thumb/v7-m/nofp\libc_nano.a(libc_a-fstatr.o)
 .ARM.attributes
                0x00000746       0x2d C:/ST/STM32CubeIDE_1.19.0/STM32CubeIDE/plugins/com.st.stm32cube.ide.mcu.externaltools.gnu-tools-for-stm32.13.3.rel1.win32_1.0.100.202509120712/tools/bin/../lib/gcc/arm-none-eabi/13.3.1/../../../../arm-none-eabi/lib/thumb/v7-m/nofp\libc_nano.a(libc_a-isattyr.o)
 .ARM.attributes
                0x00000773       0x2d C:/ST/STM32CubeIDE_1.19.0/STM32CubeIDE/plugins/com.st.stm32cube.ide.mcu.externaltools.gnu-tools-for-stm32.13.3.rel1.win32_1.0.100.202509120712/tools/bin/../lib/gcc/arm-none-eabi/13.3.1/../../../../arm-none-eabi/lib/thumb/v7-m/nofp\libc_nano.a(libc_a-sbrkr.o)
 .ARM.attributes
                0x000007a0       0x2d C:/ST/STM32CubeIDE_1.19.0/STM32CubeIDE/plugins/com.st.stm32cube.ide.mcu.externaltools.gnu-tools-for-stm32.13.3.rel1.win32_1.0.100.202509120712/tools/bin/../lib/gcc/arm-none-eabi/13.3.1/../../../../arm-none-eabi/lib/thumb/v7-m/nofp\libc_nano.a(libc_a-memchr-stub.o)
 .ARM.attributes
                0x000007cd       0x1d C:/ST/STM32CubeIDE_1.19.0/STM32CubeIDE/plugins/com.st.stm32cube.ide.mcu.externaltools.gnu-tools-for-stm32.13.3.rel1.win32_1.0.100.202509120712/tools/bin/../lib/gcc/arm-none-eabi/13.3.1/thumb/v7-m/nofp/crtn.o
OUTPUT(BMI270_testing.elf elf32-littlearm)
LOAD linker stubs
LOAD C:/ST/STM32CubeIDE_1.19.0/STM32CubeIDE/plugins/com.st.stm32cube.ide.mcu.externaltools.gnu-tools-for-stm32.13.3.rel1.win32_1.0.100.202509120712/tools/bin/../lib/gcc/arm-none-eabi/13.3.1/../../../../arm-none-eabi/lib/thumb/v7-m/nofp\libc.a
LOAD C:/ST/STM32CubeIDE_1.19.0/STM32CubeIDE/plugins/com.st.stm32cube.ide.mcu.externaltools.gnu-tools-for-stm32.13.3.rel1.win32_1.0.100.202509120712/tools/bin/../lib/gcc/arm-none-eabi/13.3.1/../../../../arm-none-eabi/lib/thumb/v7-m/nofp\libm.a
LOAD C:/ST/STM32CubeIDE_1.19.0/STM32CubeIDE/plugins/com.st.stm32cube.ide.mcu.externaltools.gnu-tools-for-stm32.13.3.rel1.win32_1.0.100.202509120712/tools/bin/../lib/gcc/arm-none-eabi/13.3.1/thumb/v7-m/nofp\libgcc.a

.debug_info     0x00000000    0x1166b
 .debug_info    0x00000000     0x6970 ./Core/Src/bmi2.o
 .debug_info    0x00006970     0x30ce ./Core/Src/bmi270.o
 .debug_info    0x00009a3e      0x752 ./Core/Src/bmi2_port.o
 .debug_info    0x0000a190     0x1cf7 ./Core/Src/main.o
 .debug_info    0x0000be87      0x845 ./Core/Src/stm32f1xx_hal_msp.o
 .debug_info    0x0000c6cc      0x113 ./Core/Src/stm32f1xx_it.o
 .debug_info    0x0000c7df      0x6a3 ./Core/Src/syscalls.o
 .debug_info    0x0000ce82      0x168 ./Core/Src/sysmem.o
 .debug_info    0x0000cfea      0x222 ./Core/Src/system_stm32f1xx.o
 .debug_info    0x0000d20c       0x30 ./Core/Startup/startup_stm32f103c8tx.o
 .debug_info    0x0000d23c      0x704 ./Drivers/STM32F1xx_HAL_Driver/Src/stm32f1xx_hal.o
 .debug_info    0x0000d940      0xa87 ./Drivers/STM32F1xx_HAL_Driver/Src/stm32f1xx_hal_cortex.o
 .debug_info    0x0000e3c7      0x5ab ./Drivers/STM32F1xx_HAL_Driver/Src/stm32f1xx_hal_gpio.o
 .debug_info    0x0000e972     0x2524 ./Drivers/STM32F1xx_HAL_Driver/Src/stm32f1xx_hal_i2c.o
 .debug_info    0x00010e96      0x7d5 ./Drivers/STM32F1xx_HAL_Driver/Src/stm32f1xx_hal_rcc.o

.debug_abbrev   0x00000000     0x1bd5
 .debug_abbrev  0x00000000      0x279 ./Core/Src/bmi2.o
 .debug_abbrev  0x00000279      0x268 ./Core/Src/bmi270.o
 .debug_abbrev  0x000004e1      0x1e6 ./Core/Src/bmi2_port.o
 .debug_abbrev  0x000006c7      0x30a ./Core/Src/main.o
 .debug_abbrev  0x000009d1      0x1a3 ./Core/Src/stm32f1xx_hal_msp.o
 .debug_abbrev  0x00000b74       0x73 ./Core/Src/stm32f1xx_it.o
 .debug_abbrev  0x00000be7      0x1b6 ./Core/Src/syscalls.o
 .debug_abbrev  0x00000d9d       0xbc ./Core/Src/sysmem.o
 .debug_abbrev  0x00000e59      0x13f ./Core/Src/system_stm32f1xx.o
 .debug_abbrev  0x00000f98       0x24 ./Core/Startup/startup_stm32f103c8tx.o
 .debug_abbrev  0x00000fbc      0x201 ./Drivers/STM32F1xx_HAL_Driver/Src/stm32f1xx_hal.o
 .debug_abbrev  0x000011bd      0x2f8 ./Drivers/STM32F1xx_HAL_Driver/Src/stm32f1xx_hal_cortex.o
 .debug_abbrev  0x000014b5      0x1ca ./Drivers/STM32F1xx_HAL_Driver/Src/stm32f1xx_hal_gpio.o
 .debug_abbrev  0x0000167f      0x2a3 ./Drivers/STM32F1xx_HAL_Driver/Src/stm32f1xx_hal_i2c.o
 .debug_abbrev  0x00001922      0x2b3 ./Drivers/STM32F1xx_HAL_Driver/Src/stm32f1xx_hal_rcc.o

.debug_aranges  0x00000000      0xf78
 .debug_aranges
                0x00000000      0x640 ./Core/Src/bmi2.o
 .debug_aranges
                0x00000640      0x1b0 ./Core/Src/bmi270.o
 .debug_aranges
                0x000007f0       0x30 ./Core/Src/bmi2_port.o
 .debug_aranges
                0x00000820       0x40 ./Core/Src/main.o
 .debug_aranges
                0x00000860       0x30 ./Core/Src/stm32f1xx_hal_msp.o
 .debug_aranges
                0x00000890       0x60 ./Core/Src/stm32f1xx_it.o
 .debug_aranges
                0x000008f0       0xa8 ./Core/Src/syscalls.o
 .debug_aranges
                0x00000998       0x20 ./Core/Src/sysmem.o
 .debug_aranges
                0x000009b8       0x28 ./Core/Src/system_stm32f1xx.o
 .debug_aranges
                0x000009e0       0x28 ./Core/Startup/startup_stm32f103c8tx.o
 .debug_aranges
                0x00000a08       0xe0 ./Drivers/STM32F1xx_HAL_Driver/Src/stm32f1xx_hal.o
 .debug_aranges
                0x00000ae8      0x100 ./Drivers/STM32F1xx_HAL_Driver/Src/stm32f1xx_hal_cortex.o
 .debug_aranges
                0x00000be8       0x58 ./Drivers/STM32F1xx_HAL_Driver/Src/stm32f1xx_hal_gpio.o
 .debug_aranges
                0x00000c40      0x2a8 ./Drivers/STM32F1xx_HAL_Driver/Src/stm32f1xx_hal_i2c.o
 .debug_aranges
                0x00000ee8       0x90 ./Drivers/STM32F1xx_HAL_Driver/Src/stm32f1xx_hal_rcc.o

.debug_rnglists
                0x00000000      0xc33
 .debug_rnglists
                0x00000000      0x515 ./Core/Src/bmi2.o
 .debug_rnglists
                0x00000515      0x16b ./Core/Src/bmi270.o
 .debug_rnglists
                0x00000680       0x1f ./Core/Src/bmi2_port.o
 .debug_rnglists
                0x0000069f       0x2e ./Core/Src/main.o
 .debug_rnglists
                0x000006cd       0x1f ./Core/Src/stm32f1xx_hal_msp.o
 .debug_rnglists
                0x000006ec       0x43 ./Core/Src/stm32f1xx_it.o
 .debug_rnglists
                0x0000072f       0x79 ./Core/Src/syscalls.o
 .debug_rnglists
                0x000007a8       0x13 ./Core/Src/sysmem.o
 .debug_rnglists
                0x000007bb       0x1a ./Core/Src/system_stm32f1xx.o
 .debug_rnglists
                0x000007d5       0x19 ./Core/Startup/startup_stm32f103c8tx.o
 .debug_rnglists
                0x000007ee       0xa3 ./Drivers/STM32F1xx_HAL_Driver/Src/stm32f1xx_hal.o
 .debug_rnglists
                0x00000891       0xbb ./Drivers/STM32F1xx_HAL_Driver/Src/stm32f1xx_hal_cortex.o
 .debug_rnglists
                0x0000094c       0x3f ./Drivers/STM32F1xx_HAL_Driver/Src/stm32f1xx_hal_gpio.o
 .debug_rnglists
                0x0000098b      0x23c ./Drivers/STM32F1xx_HAL_Driver/Src/stm32f1xx_hal_i2c.o
 .debug_rnglists
                0x00000bc7       0x6c ./Drivers/STM32F1xx_HAL_Driver/Src/stm32f1xx_hal_rcc.o

.debug_macro    0x00000000    0x19ac6
 .debug_macro   0x00000000      0x157 ./Core/Src/bmi2.o
 .debug_macro   0x00000157      0xacc ./Core/Src/bmi2.o
 .debug_macro   0x00000c23       0x22 ./Core/Src/bmi2.o
 .debug_macro   0x00000c45       0x5b ./Core/Src/bmi2.o
 .debug_macro   0x00000ca0       0x24 ./Core/Src/bmi2.o
 .debug_macro   0x00000cc4       0x94 ./Core/Src/bmi2.o
 .debug_macro   0x00000d58       0x43 ./Core/Src/bmi2.o
 .debug_macro   0x00000d9b       0x34 ./Core/Src/bmi2.o
 .debug_macro   0x00000dcf       0x16 ./Core/Src/bmi2.o
 .debug_macro   0x00000de5       0x57 ./Core/Src/bmi2.o
 .debug_macro   0x00000e3c       0x9e ./Core/Src/bmi2.o
 .debug_macro   0x00000eda      0x370 ./Core/Src/bmi2.o
 .debug_macro   0x0000124a      0x112 ./Core/Src/bmi2.o
 .debug_macro   0x0000135c       0x10 ./Core/Src/bmi2.o
 .debug_macro   0x0000136c       0x16 ./Core/Src/bmi2.o
 .debug_macro   0x00001382       0x4a ./Core/Src/bmi2.o
 .debug_macro   0x000013cc       0x34 ./Core/Src/bmi2.o
 .debug_macro   0x00001400       0x10 ./Core/Src/bmi2.o
 .debug_macro   0x00001410       0x58 ./Core/Src/bmi2.o
 .debug_macro   0x00001468       0x8e ./Core/Src/bmi2.o
 .debug_macro   0x000014f6       0x1c ./Core/Src/bmi2.o
 .debug_macro   0x00001512      0x185 ./Core/Src/bmi2.o
 .debug_macro   0x00001697       0x16 ./Core/Src/bmi2.o
 .debug_macro   0x000016ad       0x16 ./Core/Src/bmi2.o
 .debug_macro   0x000016c3      0x146 ./Core/Src/bmi2.o
 .debug_macro   0x00001809      0x103 ./Core/Src/bmi2.o
 .debug_macro   0x0000190c       0x6a ./Core/Src/bmi2.o
 .debug_macro   0x00001976      0x1df ./Core/Src/bmi2.o
 .debug_macro   0x00001b55     0x19cc ./Core/Src/bmi2.o
 .debug_macro   0x00003521      0x166 ./Core/Src/bmi270.o
 .debug_macro   0x00003687       0xfa ./Core/Src/bmi270.o
 .debug_macro   0x00003781      0x292 ./Core/Src/bmi2_port.o
 .debug_macro   0x00003a13      0x215 ./Core/Src/bmi2_port.o
 .debug_macro   0x00003c28       0x2e ./Core/Src/bmi2_port.o
 .debug_macro   0x00003c56       0x22 ./Core/Src/bmi2_port.o
 .debug_macro   0x00003c78       0x1c ./Core/Src/bmi2_port.o
 .debug_macro   0x00003c94       0x22 ./Core/Src/bmi2_port.o
 .debug_macro   0x00003cb6       0xbd ./Core/Src/bmi2_port.o
 .debug_macro   0x00003d73      0xd23 ./Core/Src/bmi2_port.o
 .debug_macro   0x00004a96     0xe09e ./Core/Src/bmi2_port.o
 .debug_macro   0x00012b34       0x6d ./Core/Src/bmi2_port.o
 .debug_macro   0x00012ba1     0x34a2 ./Core/Src/bmi2_port.o
 .debug_macro   0x00016043       0x56 ./Core/Src/bmi2_port.o
 .debug_macro   0x00016099      0x5bc ./Core/Src/bmi2_port.o
 .debug_macro   0x00016655      0x289 ./Core/Src/bmi2_port.o
 .debug_macro   0x000168de      0x1cb ./Core/Src/bmi2_port.o
 .debug_macro   0x00016aa9      0x114 ./Core/Src/bmi2_port.o
 .debug_macro   0x00016bbd      0x1b2 ./Core/Src/bmi2_port.o
 .debug_macro   0x00016d6f       0x27 ./Core/Src/bmi2_port.o
 .debug_macro   0x00016d96      0x136 ./Core/Src/bmi2_port.o
 .debug_macro   0x00016ecc      0x1bc ./Core/Src/bmi2_port.o
 .debug_macro   0x00017088       0x34 ./Core/Src/bmi2_port.o
 .debug_macro   0x000170bc       0x3c ./Core/Src/bmi2_port.o
 .debug_macro   0x000170f8       0x57 ./Core/Src/bmi2_port.o
 .debug_macro   0x0001714f       0x87 ./Core/Src/bmi2_port.o
 .debug_macro   0x000171d6      0x240 ./Core/Src/bmi2_port.o
 .debug_macro   0x00017416      0x287 ./Core/Src/bmi2_port.o
 .debug_macro   0x0001769d      0x140 ./Core/Src/bmi2_port.o
 .debug_macro   0x000177dd       0x83 ./Core/Src/bmi2_port.o
 .debug_macro   0x00017860       0x10 ./Core/Src/bmi2_port.o
 .debug_macro   0x00017870      0x2a9 ./Core/Src/main.o
 .debug_macro   0x00017b19       0x8e ./Core/Src/main.o
 .debug_macro   0x00017ba7       0x51 ./Core/Src/main.o
 .debug_macro   0x00017bf8      0x190 ./Core/Src/main.o
 .debug_macro   0x00017d88       0x5c ./Core/Src/main.o
 .debug_macro   0x00017de4       0x61 ./Core/Src/main.o
 .debug_macro   0x00017e45       0x3c ./Core/Src/main.o
 .debug_macro   0x00017e81      0x19d ./Core/Src/stm32f1xx_hal_msp.o
 .debug_macro   0x0001801e      0x1a7 ./Core/Src/stm32f1xx_it.o
 .debug_macro   0x000181c5      0x274 ./Core/Src/syscalls.o
 .debug_macro   0x00018439       0x10 ./Core/Src/syscalls.o
 .debug_macro   0x00018449       0x10 ./Core/Src/syscalls.o
 .debug_macro   0x00018459       0x10 ./Core/Src/syscalls.o
 .debug_macro   0x00018469       0x10 ./Core/Src/syscalls.o
 .debug_macro   0x00018479       0x1c ./Core/Src/syscalls.o
 .debug_macro   0x00018495       0x52 ./Core/Src/syscalls.o
 .debug_macro   0x000184e7       0x22 ./Core/Src/syscalls.o
 .debug_macro   0x00018509       0x10 ./Core/Src/syscalls.o
 .debug_macro   0x00018519       0x52 ./Core/Src/syscalls.o
 .debug_macro   0x0001856b       0xcf ./Core/Src/syscalls.o
 .debug_macro   0x0001863a       0x1c ./Core/Src/syscalls.o
 .debug_macro   0x00018656       0x3d ./Core/Src/syscalls.o
 .debug_macro   0x00018693       0x35 ./Core/Src/syscalls.o
 .debug_macro   0x000186c8      0x12c ./Core/Src/syscalls.o
 .debug_macro   0x000187f4       0x16 ./Core/Src/syscalls.o
 .debug_macro   0x0001880a       0x16 ./Core/Src/syscalls.o
 .debug_macro   0x00018820       0x29 ./Core/Src/syscalls.o
 .debug_macro   0x00018849       0x10 ./Core/Src/syscalls.o
 .debug_macro   0x00018859      0x242 ./Core/Src/syscalls.o
 .debug_macro   0x00018a9b       0x1c ./Core/Src/syscalls.o
 .debug_macro   0x00018ab7       0x10 ./Core/Src/syscalls.o
 .debug_macro   0x00018ac7      0x18a ./Core/Src/syscalls.o
 .debug_macro   0x00018c51       0x16 ./Core/Src/syscalls.o
 .debug_macro   0x00018c67       0xce ./Core/Src/syscalls.o
 .debug_macro   0x00018d35      0x112 ./Core/Src/sysmem.o
 .debug_macro   0x00018e47      0x23c ./Core/Src/sysmem.o
 .debug_macro   0x00019083      0x18e ./Core/Src/system_stm32f1xx.o
 .debug_macro   0x00019211      0x1b2 ./Drivers/STM32F1xx_HAL_Driver/Src/stm32f1xx_hal.o
 .debug_macro   0x000193c3      0x18e ./Drivers/STM32F1xx_HAL_Driver/Src/stm32f1xx_hal_cortex.o
 .debug_macro   0x00019551      0x1f9 ./Drivers/STM32F1xx_HAL_Driver/Src/stm32f1xx_hal_gpio.o
 .debug_macro   0x0001974a      0x1dc ./Drivers/STM32F1xx_HAL_Driver/Src/stm32f1xx_hal_i2c.o
 .debug_macro   0x00019926      0x1a0 ./Drivers/STM32F1xx_HAL_Driver/Src/stm32f1xx_hal_rcc.o

.debug_line     0x00000000    0x109fa
 .debug_line    0x00000000     0x4f75 ./Core/Src/bmi2.o
 .debug_line    0x00004f75     0x1b2d ./Core/Src/bmi270.o
 .debug_line    0x00006aa2      0x89e ./Core/Src/bmi2_port.o
 .debug_line    0x00007340      0x9a4 ./Core/Src/main.o
 .debug_line    0x00007ce4      0x71d ./Core/Src/stm32f1xx_hal_msp.o
 .debug_line    0x00008401      0x781 ./Core/Src/stm32f1xx_it.o
 .debug_line    0x00008b82      0x8b6 ./Core/Src/syscalls.o
 .debug_line    0x00009438      0x592 ./Core/Src/sysmem.o
 .debug_line    0x000099ca      0x751 ./Core/Src/system_stm32f1xx.o
 .debug_line    0x0000a11b       0x78 ./Core/Startup/startup_stm32f103c8tx.o
 .debug_line    0x0000a193      0x982 ./Drivers/STM32F1xx_HAL_Driver/Src/stm32f1xx_hal.o
 .debug_line    0x0000ab15      0xb4c ./Drivers/STM32F1xx_HAL_Driver/Src/stm32f1xx_hal_cortex.o
 .debug_line    0x0000b661      0x9df ./Drivers/STM32F1xx_HAL_Driver/Src/stm32f1xx_hal_gpio.o
 .debug_line    0x0000c040     0x3b7f ./Drivers/STM32F1xx_HAL_Driver/Src/stm32f1xx_hal_i2c.o
 .debug_line    0x0000fbbf      0xe3b ./Drivers/STM32F1xx_HAL_Driver/Src/stm32f1xx_hal_rcc.o

.debug_str      0x00000000    0x90286
 .debug_str     0x00000000    0x90286 ./Core/Src/bmi2.o
                              0x1342b (size before relaxing)
 .debug_str     0x00090286        0x0 ./Core/Src/bmi270.o
                              0x1276b (size before relaxing)
 .debug_str     0x00090286        0x0 ./Core/Src/bmi2_port.o
                              0x891b9 (size before relaxing)
 .debug_str     0x00090286        0x0 ./Core/Src/main.o
                              0x8a8eb (size before relaxing)
 .debug_str     0x00090286        0x0 ./Core/Src/stm32f1xx_hal_msp.o
                              0x7cbe7 (size before relaxing)
 .debug_str     0x00090286        0x0 ./Core/Src/stm32f1xx_it.o
                              0x7c6f8 (size before relaxing)
 .debug_str     0x00090286        0x0 ./Core/Src/syscalls.o
                               0x996f (size before relaxing)
 .debug_str     0x00090286        0x0 ./Core/Src/sysmem.o
                               0x770d (size before relaxing)
 .debug_str     0x00090286        0x0 ./Core/Src/system_stm32f1xx.o
                              0x7c6e1 (size before relaxing)
 .debug_str     0x00090286        0x0 ./Core/Startup/startup_stm32f103c8tx.o
                                 0x67 (size before relaxing)
 .debug_str     0x00090286        0x0 ./Drivers/STM32F1xx_HAL_Driver/Src/stm32f1xx_hal.o
                              0x7ce14 (size before relaxing)
 .debug_str     0x00090286        0x0 ./Drivers/STM32F1xx_HAL_Driver/Src/stm32f1xx_hal_cortex.o
                              0x7cd60 (size before relaxing)
 .debug_str     0x00090286        0x0 ./Drivers/STM32F1xx_HAL_Driver/Src/stm32f1xx_hal_gpio.o
                              0x7ca67 (size before relaxing)
 .debug_str     0x00090286        0x0 ./Drivers/STM32F1xx_HAL_Driver/Src/stm32f1xx_hal_i2c.o
                              0x7d7a8 (size before relaxing)
 .debug_str     0x00090286        0x0 ./Drivers/STM32F1xx_HAL_Driver/Src/stm32f1xx_hal_rcc.o
                              0x7cb10 (size before relaxing)

.comment        0x00000000       0x43
 .comment       0x00000000       0x43 ./Core/Src/bmi2.o
                                 0x44 (size before relaxing)
 .comment       0x00000043        0x0 ./Core/Src/bmi270.o
                                 0x44 (size before relaxing)
 .comment       0x00000043        0x0 ./Core/Src/bmi2_port.o
                                 0x44 (size before relaxing)
 .comment       0x00000043        0x0 ./Core/Src/main.o
                                 0x44 (size before relaxing)
 .comment       0x00000043        0x0 ./Core/Src/stm32f1xx_hal_msp.o
                                 0x44 (size before relaxing)
 .comment       0x00000043        0x0 ./Core/Src/stm32f1xx_it.o
                                 0x44 (size before relaxing)
 .comment       0x00000043        0x0 ./Core/Src/syscalls.o
                                 0x44 (size before relaxing)
 .comment       0x00000043        0x0 ./Core/Src/sysmem.o
                                 0x44 (size before relaxing)
 .comment       0x00000043        0x0 ./Core/Src/system_stm32f1xx.o
                                 0x44 (size before relaxing)
 .comment       0x00000043        0x0 ./Drivers/STM32F1xx_HAL_Driver/Src/stm32f1xx_hal.o
                                 0x44 (size before relaxing)
 .comment       0x00000043        0x0 ./Drivers/STM32F1xx_HAL_Driver/Src/stm32f1xx_hal_cortex.o
                                 0x44 (size before relaxing)
 .comment       0x00000043        0x0 ./Drivers/STM32F1xx_HAL_Driver/Src/stm32f1xx_hal_gpio.o
                                 0x44 (size before relaxing)
 .comment       0x00000043        0x0 ./Drivers/STM32F1xx_HAL_Driver/Src/stm32f1xx_hal_i2c.o
                                 0x44 (size before relaxing)
 .comment       0x00000043        0x0 ./Drivers/STM32F1xx_HAL_Driver/Src/stm32f1xx_hal_rcc.o
                                 0x44 (size before relaxing)

.debug_frame    0x00000000     0x4a4c
 .debug_frame   0x00000000     0x1cf8 ./Core/Src/bmi2.o
 .debug_frame   0x00001cf8      0x7f0 ./Core/Src/bmi270.o
 .debug_frame   0x000024e8       0x7c ./Core/Src/bmi2_port.o
 .debug_frame   0x00002564       0xb0 ./Core/Src/main.o
 .debug_frame   0x00002614       0x80 ./Core/Src/stm32f1xx_hal_msp.o
 .debug_frame   0x00002694      0x104 ./Core/Src/stm32f1xx_it.o
 .debug_frame   0x00002798      0x2ac ./Core/Src/syscalls.o
 .debug_frame   0x00002a44       0x34 ./Core/Src/sysmem.o
 .debug_frame   0x00002a78       0x58 ./Core/Src/system_stm32f1xx.o
 .debug_frame   0x00002ad0      0x334 ./Drivers/STM32F1xx_HAL_Driver/Src/stm32f1xx_hal.o
 .debug_frame   0x00002e04      0x428 ./Drivers/STM32F1xx_HAL_Driver/Src/stm32f1xx_hal_cortex.o
 .debug_frame   0x0000322c      0x14c ./Drivers/STM32F1xx_HAL_Driver/Src/stm32f1xx_hal_gpio.o
 .debug_frame   0x00003378      0xc84 ./Drivers/STM32F1xx_HAL_Driver/Src/stm32f1xx_hal_i2c.o
 .debug_frame   0x00003ffc      0x218 ./Drivers/STM32F1xx_HAL_Driver/Src/stm32f1xx_hal_rcc.o
 .debug_frame   0x00004214      0x144 C:/ST/STM32CubeIDE_1.19.0/STM32CubeIDE/plugins/com.st.stm32cube.ide.mcu.externaltools.gnu-tools-for-stm32.13.3.rel1.win32_1.0.100.202509120712/tools/bin/../lib/gcc/arm-none-eabi/13.3.1/../../../../arm-none-eabi/lib/thumb/v7-m/nofp\libc_nano.a(libc_a-findfp.o)
 .debug_frame   0x00004358       0x34 C:/ST/STM32CubeIDE_1.19.0/STM32CubeIDE/plugins/com.st.stm32cube.ide.mcu.externaltools.gnu-tools-for-stm32.13.3.rel1.win32_1.0.100.202509120712/tools/bin/../lib/gcc/arm-none-eabi/13.3.1/../../../../arm-none-eabi/lib/thumb/v7-m/nofp\libc_nano.a(libc_a-fwalk.o)
 .debug_frame   0x0000438c       0x6c C:/ST/STM32CubeIDE_1.19.0/STM32CubeIDE/plugins/com.st.stm32cube.ide.mcu.externaltools.gnu-tools-for-stm32.13.3.rel1.win32_1.0.100.202509120712/tools/bin/../lib/gcc/arm-none-eabi/13.3.1/../../../../arm-none-eabi/lib/thumb/v7-m/nofp\libc_nano.a(libc_a-printf.o)
 .debug_frame   0x000043f8       0x3c C:/ST/STM32CubeIDE_1.19.0/STM32CubeIDE/plugins/com.st.stm32cube.ide.mcu.externaltools.gnu-tools-for-stm32.13.3.rel1.win32_1.0.100.202509120712/tools/bin/../lib/gcc/arm-none-eabi/13.3.1/../../../../arm-none-eabi/lib/thumb/v7-m/nofp\libc_nano.a(libc_a-puts.o)
 .debug_frame   0x00004434       0x88 C:/ST/STM32CubeIDE_1.19.0/STM32CubeIDE/plugins/com.st.stm32cube.ide.mcu.externaltools.gnu-tools-for-stm32.13.3.rel1.win32_1.0.100.202509120712/tools/bin/../lib/gcc/arm-none-eabi/13.3.1/../../../../arm-none-eabi/lib/thumb/v7-m/nofp\libc_nano.a(libc_a-stdio.o)
 .debug_frame   0x000044bc       0x40 C:/ST/STM32CubeIDE_1.19.0/STM32CubeIDE/plugins/com.st.stm32cube.ide.mcu.externaltools.gnu-tools-for-stm32.13.3.rel1.win32_1.0.100.202509120712/tools/bin/../lib/gcc/arm-none-eabi/13.3.1/../../../../arm-none-eabi/lib/thumb/v7-m/nofp\libc_nano.a(libc_a-wbuf.o)
 .debug_frame   0x000044fc       0x2c C:/ST/STM32CubeIDE_1.19.0/STM32CubeIDE/plugins/com.st.stm32cube.ide.mcu.externaltools.gnu-tools-for-stm32.13.3.rel1.win32_1.0.100.202509120712/tools/bin/../lib/gcc/arm-none-eabi/13.3.1/../../../../arm-none-eabi/lib/thumb/v7-m/nofp\libc_nano.a(libc_a-wsetup.o)
 .debug_frame   0x00004528       0x20 C:/ST/STM32CubeIDE_1.19.0/STM32CubeIDE/plugins/com.st.stm32cube.ide.mcu.externaltools.gnu-tools-for-stm32.13.3.rel1.win32_1.0.100.202509120712/tools/bin/../lib/gcc/arm-none-eabi/13.3.1/../../../../arm-none-eabi/lib/thumb/v7-m/nofp\libc_nano.a(libc_a-memset.o)
 .debug_frame   0x00004548       0x2c C:/ST/STM32CubeIDE_1.19.0/STM32CubeIDE/plugins/com.st.stm32cube.ide.mcu.externaltools.gnu-tools-for-stm32.13.3.rel1.win32_1.0.100.202509120712/tools/bin/../lib/gcc/arm-none-eabi/13.3.1/../../../../arm-none-eabi/lib/thumb/v7-m/nofp\libc_nano.a(libc_a-closer.o)
 .debug_frame   0x00004574       0x38 C:/ST/STM32CubeIDE_1.19.0/STM32CubeIDE/plugins/com.st.stm32cube.ide.mcu.externaltools.gnu-tools-for-stm32.13.3.rel1.win32_1.0.100.202509120712/tools/bin/../lib/gcc/arm-none-eabi/13.3.1/../../../../arm-none-eabi/lib/thumb/v7-m/nofp\libc_nano.a(libc_a-reent.o)
 .debug_frame   0x000045ac       0x2c C:/ST/STM32CubeIDE_1.19.0/STM32CubeIDE/plugins/com.st.stm32cube.ide.mcu.externaltools.gnu-tools-for-stm32.13.3.rel1.win32_1.0.100.202509120712/tools/bin/../lib/gcc/arm-none-eabi/13.3.1/../../../../arm-none-eabi/lib/thumb/v7-m/nofp\libc_nano.a(libc_a-lseekr.o)
 .debug_frame   0x000045d8       0x2c C:/ST/STM32CubeIDE_1.19.0/STM32CubeIDE/plugins/com.st.stm32cube.ide.mcu.externaltools.gnu-tools-for-stm32.13.3.rel1.win32_1.0.100.202509120712/tools/bin/../lib/gcc/arm-none-eabi/13.3.1/../../../../arm-none-eabi/lib/thumb/v7-m/nofp\libc_nano.a(libc_a-readr.o)
 .debug_frame   0x00004604       0x2c C:/ST/STM32CubeIDE_1.19.0/STM32CubeIDE/plugins/com.st.stm32cube.ide.mcu.externaltools.gnu-tools-for-stm32.13.3.rel1.win32_1.0.100.202509120712/tools/bin/../lib/gcc/arm-none-eabi/13.3.1/../../../../arm-none-eabi/lib/thumb/v7-m/nofp\libc_nano.a(libc_a-writer.o)
 .debug_frame   0x00004630       0x20 C:/ST/STM32CubeIDE_1.19.0/STM32CubeIDE/plugins/com.st.stm32cube.ide.mcu.externaltools.gnu-tools-for-stm32.13.3.rel1.win32_1.0.100.202509120712/tools/bin/../lib/gcc/arm-none-eabi/13.3.1/../../../../arm-none-eabi/lib/thumb/v7-m/nofp\libc_nano.a(libc_a-errno.o)
 .debug_frame   0x00004650       0x2c C:/ST/STM32CubeIDE_1.19.0/STM32CubeIDE/plugins/com.st.stm32cube.ide.mcu.externaltools.gnu-tools-for-stm32.13.3.rel1.win32_1.0.100.202509120712/tools/bin/../lib/gcc/arm-none-eabi/13.3.1/../../../../arm-none-eabi/lib/thumb/v7-m/nofp\libc_nano.a(libc_a-init.o)
 .debug_frame   0x0000467c       0xb0 C:/ST/STM32CubeIDE_1.19.0/STM32CubeIDE/plugins/com.st.stm32cube.ide.mcu.externaltools.gnu-tools-for-stm32.13.3.rel1.win32_1.0.100.202509120712/tools/bin/../lib/gcc/arm-none-eabi/13.3.1/../../../../arm-none-eabi/lib/thumb/v7-m/nofp\libc_nano.a(libc_a-lock.o)
 .debug_frame   0x0000472c       0x38 C:/ST/STM32CubeIDE_1.19.0/STM32CubeIDE/plugins/com.st.stm32cube.ide.mcu.externaltools.gnu-tools-for-stm32.13.3.rel1.win32_1.0.100.202509120712/tools/bin/../lib/gcc/arm-none-eabi/13.3.1/../../../../arm-none-eabi/lib/thumb/v7-m/nofp\libc_nano.a(libc_a-freer.o)
 .debug_frame   0x00004764       0x50 C:/ST/STM32CubeIDE_1.19.0/STM32CubeIDE/plugins/com.st.stm32cube.ide.mcu.externaltools.gnu-tools-for-stm32.13.3.rel1.win32_1.0.100.202509120712/tools/bin/../lib/gcc/arm-none-eabi/13.3.1/../../../../arm-none-eabi/lib/thumb/v7-m/nofp\libc_nano.a(libc_a-mallocr.o)
 .debug_frame   0x000047b4       0x30 C:/ST/STM32CubeIDE_1.19.0/STM32CubeIDE/plugins/com.st.stm32cube.ide.mcu.externaltools.gnu-tools-for-stm32.13.3.rel1.win32_1.0.100.202509120712/tools/bin/../lib/gcc/arm-none-eabi/13.3.1/../../../../arm-none-eabi/lib/thumb/v7-m/nofp\libc_nano.a(libc_a-mlock.o)
 .debug_frame   0x000047e4       0xa8 C:/ST/STM32CubeIDE_1.19.0/STM32CubeIDE/plugins/com.st.stm32cube.ide.mcu.externaltools.gnu-tools-for-stm32.13.3.rel1.win32_1.0.100.202509120712/tools/bin/../lib/gcc/arm-none-eabi/13.3.1/../../../../arm-none-eabi/lib/thumb/v7-m/nofp\libc_nano.a(libc_a-nano-vfprintf.o)
 .debug_frame   0x0000488c       0x60 C:/ST/STM32CubeIDE_1.19.0/STM32CubeIDE/plugins/com.st.stm32cube.ide.mcu.externaltools.gnu-tools-for-stm32.13.3.rel1.win32_1.0.100.202509120712/tools/bin/../lib/gcc/arm-none-eabi/13.3.1/../../../../arm-none-eabi/lib/thumb/v7-m/nofp\libc_nano.a(libc_a-nano-vfprintf_i.o)
 .debug_frame   0x000048ec       0x5c C:/ST/STM32CubeIDE_1.19.0/STM32CubeIDE/plugins/com.st.stm32cube.ide.mcu.externaltools.gnu-tools-for-stm32.13.3.rel1.win32_1.0.100.202509120712/tools/bin/../lib/gcc/arm-none-eabi/13.3.1/../../../../arm-none-eabi/lib/thumb/v7-m/nofp\libc_nano.a(libc_a-fflush.o)
 .debug_frame   0x00004948       0x58 C:/ST/STM32CubeIDE_1.19.0/STM32CubeIDE/plugins/com.st.stm32cube.ide.mcu.externaltools.gnu-tools-for-stm32.13.3.rel1.win32_1.0.100.202509120712/tools/bin/../lib/gcc/arm-none-eabi/13.3.1/../../../../arm-none-eabi/lib/thumb/v7-m/nofp\libc_nano.a(libc_a-makebuf.o)
 .debug_frame   0x000049a0       0x2c C:/ST/STM32CubeIDE_1.19.0/STM32CubeIDE/plugins/com.st.stm32cube.ide.mcu.externaltools.gnu-tools-for-stm32.13.3.rel1.win32_1.0.100.202509120712/tools/bin/../lib/gcc/arm-none-eabi/13.3.1/../../../../arm-none-eabi/lib/thumb/v7-m/nofp\libc_nano.a(libc_a-fstatr.o)
 .debug_frame   0x000049cc       0x2c C:/ST/STM32CubeIDE_1.19.0/STM32CubeIDE/plugins/com.st.stm32cube.ide.mcu.externaltools.gnu-tools-for-stm32.13.3.rel1.win32_1.0.100.202509120712/tools/bin/../lib/gcc/arm-none-eabi/13.3.1/../../../../arm-none-eabi/lib/thumb/v7-m/nofp\libc_nano.a(libc_a-isattyr.o)
 .debug_frame   0x000049f8       0x2c C:/ST/STM32CubeIDE_1.19.0/STM32CubeIDE/plugins/com.st.stm32cube.ide.mcu.externaltools.gnu-tools-for-stm32.13.3.rel1.win32_1.0.100.202509120712/tools/bin/../lib/gcc/arm-none-eabi/13.3.1/../../../../arm-none-eabi/lib/thumb/v7-m/nofp\libc_nano.a(libc_a-sbrkr.o)
 .debug_frame   0x00004a24       0x28 C:/ST/STM32CubeIDE_1.19.0/STM32CubeIDE/plugins/com.st.stm32cube.ide.mcu.externaltools.gnu-tools-for-stm32.13.3.rel1.win32_1.0.100.202509120712/tools/bin/../lib/gcc/arm-none-eabi/13.3.1/../../../../arm-none-eabi/lib/thumb/v7-m/nofp\libc_nano.a(libc_a-memchr-stub.o)

.debug_line_str
                0x00000000       0x4b
 .debug_line_str
                0x00000000       0x4b ./Core/Startup/startup_stm32f103c8tx.o